Component: ARM Compiler 5.06 update 6 (build 750) Tool: armlink [4d35ed]

==============================================================================

Section Cross References

    startup_stm32f103xb.o(STACK) refers (Special) to heapauxi.o(.text) for __use_two_region_memory
    startup_stm32f103xb.o(HEAP) refers (Special) to heapauxi.o(.text) for __use_two_region_memory
    startup_stm32f103xb.o(RESET) refers (Special) to heapauxi.o(.text) for __use_two_region_memory
    startup_stm32f103xb.o(RESET) refers to startup_stm32f103xb.o(STACK) for __initial_sp
    startup_stm32f103xb.o(RESET) refers to startup_stm32f103xb.o(.text) for Reset_Handler
    startup_stm32f103xb.o(RESET) refers to stm32f1xx_it.o(i.NMI_Handler) for NMI_Handler
    startup_stm32f103xb.o(RESET) refers to stm32f1xx_it.o(i.HardFault_Handler) for HardFault_Handler
    startup_stm32f103xb.o(RESET) refers to stm32f1xx_it.o(i.MemManage_Handler) for MemManage_Handler
    startup_stm32f103xb.o(RESET) refers to stm32f1xx_it.o(i.BusFault_Handler) for BusFault_Handler
    startup_stm32f103xb.o(RESET) refers to stm32f1xx_it.o(i.UsageFault_Handler) for UsageFault_Handler
    startup_stm32f103xb.o(RESET) refers to stm32f1xx_it.o(i.SVC_Handler) for SVC_Handler
    startup_stm32f103xb.o(RESET) refers to stm32f1xx_it.o(i.DebugMon_Handler) for DebugMon_Handler
    startup_stm32f103xb.o(RESET) refers to stm32f1xx_it.o(i.PendSV_Handler) for PendSV_Handler
    startup_stm32f103xb.o(RESET) refers to stm32f1xx_it.o(i.SysTick_Handler) for SysTick_Handler
    startup_stm32f103xb.o(RESET) refers to stm32f1xx_it.o(i.TIM1_UP_IRQHandler) for TIM1_UP_IRQHandler
    startup_stm32f103xb.o(RESET) refers to stm32f1xx_it.o(i.TIM1_CC_IRQHandler) for TIM1_CC_IRQHandler
    startup_stm32f103xb.o(RESET) refers to stm32f1xx_it.o(i.I2C1_EV_IRQHandler) for I2C1_EV_IRQHandler
    startup_stm32f103xb.o(RESET) refers to stm32f1xx_it.o(i.I2C1_ER_IRQHandler) for I2C1_ER_IRQHandler
    startup_stm32f103xb.o(RESET) refers to stm32f1xx_it.o(i.I2C2_EV_IRQHandler) for I2C2_EV_IRQHandler
    startup_stm32f103xb.o(RESET) refers to stm32f1xx_it.o(i.I2C2_ER_IRQHandler) for I2C2_ER_IRQHandler
    startup_stm32f103xb.o(RESET) refers to stm32f1xx_it.o(i.USART2_IRQHandler) for USART2_IRQHandler
    startup_stm32f103xb.o(.text) refers (Special) to heapauxi.o(.text) for __use_two_region_memory
    startup_stm32f103xb.o(.text) refers to system_stm32f1xx.o(i.SystemInit) for SystemInit
    startup_stm32f103xb.o(.text) refers to __main.o(!!!main) for __main
    startup_stm32f103xb.o(.text) refers to startup_stm32f103xb.o(HEAP) for Heap_Mem
    startup_stm32f103xb.o(.text) refers to startup_stm32f103xb.o(STACK) for Stack_Mem
    main.o(i.HAL_UART_RxCpltCallback) refers to scanf1.o(x$fpl$scanf1) for _scanf_real
    main.o(i.HAL_UART_RxCpltCallback) refers to main.o(i.print_get) for print_get
    main.o(i.HAL_UART_RxCpltCallback) refers to faddsub_clz.o(x$fpl$fadd) for __aeabi_fadd
    main.o(i.HAL_UART_RxCpltCallback) refers to faddsub_clz.o(x$fpl$fsub) for __aeabi_fsub
    main.o(i.HAL_UART_RxCpltCallback) refers to flash_page_f1.o(i.Flash_Write_Data) for Flash_Write_Data
    main.o(i.HAL_UART_RxCpltCallback) refers to flash_page_f1.o(i.Flash_Read_Data) for Flash_Read_Data
    main.o(i.HAL_UART_RxCpltCallback) refers to __0sscanf.o(.text) for __0sscanf
    main.o(i.HAL_UART_RxCpltCallback) refers to ffix.o(x$fpl$ffix) for __aeabi_f2iz
    main.o(i.HAL_UART_RxCpltCallback) refers to ffixu.o(x$fpl$ffixu) for __aeabi_f2uiz
    main.o(i.HAL_UART_RxCpltCallback) refers to main.o(i.PID_Setup) for PID_Setup
    main.o(i.HAL_UART_RxCpltCallback) refers to rt_memclr.o(.text) for __aeabi_memclr
    main.o(i.HAL_UART_RxCpltCallback) refers to stm32f1xx_hal_uart.o(i.HAL_UART_Receive_IT) for HAL_UART_Receive_IT
    main.o(i.HAL_UART_RxCpltCallback) refers to main.o(.data) for .data
    main.o(i.HAL_UART_RxCpltCallback) refers to main.o(.bss) for .bss
    main.o(i.I2C_Scan) refers to stm32f1xx_hal_gpio.o(i.HAL_GPIO_TogglePin) for HAL_GPIO_TogglePin
    main.o(i.I2C_Scan) refers to stm32f1xx_hal.o(i.HAL_Delay) for HAL_Delay
    main.o(i.I2C_Scan) refers to stm32f1xx_hal_i2c.o(i.HAL_I2C_IsDeviceReady) for HAL_I2C_IsDeviceReady
    main.o(i.I2C_Scan) refers to main.o(.bss) for .bss
    main.o(i.Infinite_Angle) refers to as5600.o(i.AS5600_GetAngle) for AS5600_GetAngle
    main.o(i.Infinite_Angle) refers to faddsub_clz.o(x$fpl$fsub) for __aeabi_fsub
    main.o(i.Infinite_Angle) refers to faddsub_clz.o(x$fpl$fadd) for __aeabi_fadd
    main.o(i.Infinite_Angle) refers to main.o(.data) for .data
    main.o(i.MX_GPIO_Init) refers to stm32f1xx_hal_gpio.o(i.HAL_GPIO_WritePin) for HAL_GPIO_WritePin
    main.o(i.MX_GPIO_Init) refers to stm32f1xx_hal_gpio.o(i.HAL_GPIO_Init) for HAL_GPIO_Init
    main.o(i.MX_I2C1_Init) refers to stm32f1xx_hal_i2c.o(i.HAL_I2C_Init) for HAL_I2C_Init
    main.o(i.MX_I2C1_Init) refers to main.o(.bss) for .bss
    main.o(i.MX_I2C1_Init) refers to main.o(.data) for .data
[...]
    Heap_Mem                                 0x20000328   Data         512  startup_stm32f103xb.o(HEAP)
    STACK                                    0x20000528   Section     1024  startup_stm32f103xb.o(STACK)
    Stack_Mem                                0x20000528   Data        1024  startup_stm32f103xb.o(STACK)
    __initial_sp                             0x20000928   Data           0  startup_stm32f103xb.o(STACK)

    Global Symbols

    Symbol Name                              Value     Ov Type        Size  Object(Section)

    BuildAttributes$$THM_ISAv4$P$D$K$B$S$PE$A:L22UL41UL21$X:L11$S22US41US21$IEEE1$IW$USESV6$~STKCKD$USESV7$~SHL$OTIME$ROPI$IEEEX$EBA8$UX$STANDARDLIB$REQ8$PRES8$EABIv2 0x00000000   Number         0  anon$$obj.o ABSOLUTE
    __ARM_use_no_argv                        0x00000000   Number         0  main.o ABSOLUTE
    _printf_flags                            0x00000000   Number         0  printf_stubs.o ABSOLUTE
    _printf_return_value                     0x00000000   Number         0  printf_stubs.o ABSOLUTE
    _printf_sizespec                         0x00000000   Number         0  printf_stubs.o ABSOLUTE
    _printf_widthprec                        0x00000000   Number         0  printf_stubs.o ABSOLUTE
    __ARM_exceptions_init                     - Undefined Weak Reference
    __alloca_initialize                       - Undefined Weak Reference
    __arm_preinit_                            - Undefined Weak Reference
    __cpp_initialize__aeabi_                  - Undefined Weak Reference
    __cxa_finalize                            - Undefined Weak Reference
    __sigvec_lookup                           - Undefined Weak Reference
    _atexit_init                              - Undefined Weak Reference
    _call_atexit_fns                          - Undefined Weak Reference
    _clock_init                               - Undefined Weak Reference
    _fp_trap_init                             - Undefined Weak Reference
    _fp_trap_shutdown                         - Undefined Weak Reference
    _get_lc_collate                           - Undefined Weak Reference
    _get_lc_monetary                          - Undefined Weak Reference
    _get_lc_time                              - Undefined Weak Reference
    _getenv_init                              - Undefined Weak Reference
    _handle_redirection                       - Undefined Weak Reference
    _init_alloc                               - Undefined Weak Reference
    _init_user_alloc                          - Undefined Weak Reference
    _initio                                   - Undefined Weak Reference
    _rand_init                                - Undefined Weak Reference
    _scanf_int                                - Undefined Weak Reference
    _scanf_longlong                           - Undefined Weak Reference
    _scanf_mbtowc                             - Undefined Weak Reference
    _scanf_string                             - Undefined Weak Reference
    _scanf_wctomb                             - Undefined Weak Reference
    _scanf_wstring                            - Undefined Weak Reference
    _signal_finish                            - Undefined Weak Reference
    _signal_init                              - Undefined Weak Reference
    _terminate_alloc                          - Undefined Weak Reference
    _terminate_user_alloc                     - Undefined Weak Reference
    _terminateio                              - Undefined Weak Reference
    __Vectors_Size                           0x000000ec   Number         0  startup_stm32f103xb.o ABSOLUTE
    __Vectors                                0x08000000   Data           4  startup_stm32f103xb.o(RESET)
    __Vectors_End                            0x080000ec   Data           0  startup_stm32f103xb.o(RESET)
    __main                                   0x080000ed   Thumb Code     8  __main.o(!!!main)
    __scatterload                            0x080000f5   Thumb Code     0  __scatter.o(!!!scatter)
    __scatterload_rt2                        0x080000f5   Thumb Code    44  __scatter.o(!!!scatter)
    __scatterload_rt2_thumb_only             0x080000f5   Thumb Code     0  __scatter.o(!!!scatter)
    __scatterload_null                       0x08000103   Thumb Code     0  __scatter.o(!!!scatter)
    __scatterload_copy                       0x08000129   Thumb Code    26  __scatter_copy.o(!!handler_copy)
    __scatterload_zeroinit                   0x08000145   Thumb Code    28  __scatter_zi.o(!!handler_zi)
    _printf_f                                0x08000161   Thumb Code     0  _printf_f.o(.ARM.Collect$$_printf_percent$$00000003)
    _printf_percent                          0x08000161   Thumb Code     0  _printf_percent.o(.ARM.Collect$$_printf_percent$$00000000)
    _printf_percent_end                      0x08000167   Thumb Code     0  _printf_percent_end.o(.ARM.Collect$$_printf_percent$$00000017)
    __rt_lib_init                            0x0800016b   Thumb Code     0  libinit.o(.ARM.Collect$$libinit$$00000000)
    __rt_lib_init_fp_1                       0x0800016d   Thumb Code     0  libinit2.o(.ARM.Collect$$libinit$$00000002)
    __rt_lib_init_heap_1                     0x0800016d   Thumb Code     0  libinit2.o(.ARM.Collect$$libinit$$0000000A)
    __rt_lib_init_lc_common                  0x0800016d   Thumb Code     0  libinit2.o(.ARM.Collect$$libinit$$0000000F)
    __rt_lib_init_preinit_1                  0x0800016d   Thumb Code     0  libinit2.o(.ARM.Collect$$libinit$$00000004)
    __rt_lib_init_rand_1                     0x0800016d   Thumb Code     0  libinit2.o(.ARM.Collect$$libinit$$0000000E)
    __rt_lib_init_user_alloc_1               0x0800016d   Thumb Code     0  libinit2.o(.ARM.Collect$$libinit$$0000000C)
    __rt_lib_init_lc_collate_1               0x08000173   Thumb Code     0  libinit2.o(.ARM.Collect$$libinit$$00000011)
    __rt_lib_init_lc_ctype_2                 0x08000173   Thumb Code     0  libinit2.o(.ARM.Collect$$libinit$$00000012)
    __rt_lib_init_lc_ctype_1                 0x0800017f   Thumb Code     0  libinit2.o(.ARM.Collect$$libinit$$00000013)
    __rt_lib_init_lc_monetary_1              0x0800017f   Thumb Code     0  libinit2.o(.ARM.Collect$$libinit$$00000015)
    __rt_lib_init_lc_numeric_2               0x0800017f   Thumb Code     0  libinit2.o(.ARM.Collect$$libinit$$00000016)
    __rt_lib_init_alloca_1                   0x08000189   Thumb Code     0  libinit2.o(.ARM.Collect$$libinit$$0000002E)
    __rt_lib_init_argv_1                     0x08000189   Thumb Code     0  libinit2.o(.ARM.Collect$$libinit$$0000002C)
    __rt_lib_init_atexit_1                   0x08000189   Thumb Code     0  libinit2.o(.ARM.Collect$$libinit$$0000001B)
    __rt_lib_init_clock_1                    0x08000189   Thumb Code     0  libinit2.o(.ARM.Collect$$libinit$$00000021)
    __rt_lib_init_cpp_1                      0x08000189   Thumb Code     0  libinit2.o(.ARM.Collect$$libinit$$00000032)
    __rt_lib_init_exceptions_1               0x08000189   Thumb Code     0  libinit2.o(.ARM.Collect$$libinit$$00000030)
    __rt_lib_init_fp_trap_1                  0x08000189   Thumb Code     0  libinit2.o(.ARM.Collect$$libinit$$0000001F)
    __rt_lib_init_getenv_1                   0x08000189   Thumb Code     0  libinit2.o(.ARM.Collect$$libinit$$00000023)
    __rt_lib_init_lc_numeric_1               0x08000189   Thumb Code     0  libinit2.o(.ARM.Collect$$libinit$$00000017)
    __rt_lib_init_lc_time_1                  0x08000189   Thumb Code     0  libinit2.o(.ARM.Collect$$libinit$$00000019)
    __rt_lib_init_return                     0x08000189   Thumb Code     0  libinit2.o(.ARM.Collect$$libinit$$00000033)
    __rt_lib_init_signal_1                   0x08000189   Thumb Code     0  libinit2.o(.ARM.Collect$$libinit$$0000001D)
    __rt_lib_init_stdio_1                    0x08000189   Thumb Code     0  libinit2.o(.ARM.Collect$$libinit$$00000025)
    __rt_lib_shutdown                        0x0800018b   Thumb Code     0  libshutdown.o(.ARM.Collect$$libshutdown$$00000000)
    __rt_lib_shutdown_cpp_1                  0x0800018d   Thumb Code     0  libshutdown2.o(.ARM.Collect$$libshutdown$$00000002)
    __rt_lib_shutdown_fp_trap_1              0x0800018d   Thumb Code     0  libshutdown2.o(.ARM.Collect$$libshutdown$$00000007)
    __rt_lib_shutdown_heap_1                 0x0800018d   Thumb Code     0  libshutdown2.o(.ARM.Collect$$libshutdown$$0000000F)
    __rt_lib_shutdown_return                 0x0800018d   Thumb Code     0  libshutdown2.o(.ARM.Collect$$libshutdown$$00000010)
    __rt_lib_shutdown_signal_1               0x0800018d   Thumb Code     0  libshutdown2.o(.ARM.Collect$$libshutdown$$0000000A)
    __rt_lib_shutdown_stdio_1                0x0800018d   Thumb Code     0  libshutdown2.o(.ARM.Collect$$libshutdown$$00000004)
    __rt_lib_shutdown_user_alloc_1           0x0800018d   Thumb Code     0  libshutdown2.o(.ARM.Collect$$libshutdown$$0000000C)
    __rt_entry                               0x0800018f   Thumb Code     0  __rtentry.o(.ARM.Collect$$rtentry$$00000000)
    __rt_entry_presh_1                       0x0800018f   Thumb Code     0  __rtentry2.o(.ARM.Collect$$rtentry$$00000002)
    __rt_entry_sh                            0x0800018f   Thumb Code     0  __rtentry4.o(.ARM.Collect$$rtentry$$00000004)
    __rt_entry_li                            0x08000195   Thumb Code     0  __rtentry2.o(.ARM.Collect$$rtentry$$0000000A)
    __rt_entry_postsh_1                      0x08000195   Thumb Code     0  __rtentry2.o(.ARM.Collect$$rtentry$$00000009)
    __rt_entry_main                          0x08000199   Thumb Code     0  __rtentry2.o(.ARM.Collect$$rtentry$$0000000D)
    __rt_entry_postli_1                      0x08000199   Thumb Code     0  __rtentry2.o(.ARM.Collect$$rtentry$$0000000C)
    __rt_exit                                0x080001a1   Thumb Code     0  rtexit.o(.ARM.Collect$$rtexit$$00000000)
    __rt_exit_ls                             0x080001a3   Thumb Code     0  rtexit2.o(.ARM.Collect$$rtexit$$00000003)
    __rt_exit_prels_1                        0x080001a3   Thumb Code     0  rtexit2.o(.ARM.Collect$$rtexit$$00000002)
    __rt_exit_exit                           0x080001a7   Thumb Code     0  rtexit2.o(.ARM.Collect$$rtexit$$00000004)
    Reset_Handler                            0x080001ad   Thumb Code     8  startup_stm32f103xb.o(.text)
    ADC1_2_IRQHandler                        0x080001c7   Thumb Code     0  startup_stm32f103xb.o(.text)
    CAN1_RX1_IRQHandler                      0x080001c7   Thumb Code     0  startup_stm32f103xb.o(.text)
    CAN1_SCE_IRQHandler                      0x080001c7   Thumb Code     0  startup_stm32f103xb.o(.text)
    DMA1_Channel1_IRQHandler                 0x080001c7   Thumb Code     0  startup_stm32f103xb.o(.text)
    DMA1_Channel2_IRQHandler                 0x080001c7   Thumb Code     0  startup_stm32f103xb.o(.text)
    DMA1_Channel3_IRQHandler                 0x080001c7   Thumb Code     0  startup_stm32f103xb.o(.text)
    DMA1_Channel4_IRQHandler                 0x080001c7   Thumb Code     0  startup_stm32f103xb.o(.text)
    DMA1_Channel5_IRQHandler                 0x080001c7   Thumb Code     0  startup_stm32f103xb.o(.text)
    DMA1_Channel6_IRQHandler                 0x080001c7   Thumb Code     0  startup_stm32f103xb.o(.text)
    DMA1_Channel7_IRQHandler                 0x080001c7   Thumb Code     0  startup_stm32f103xb.o(.text)
    EXTI0_IRQHandler                         0x080001c7   Thumb Code     0  startup_stm32f103xb.o(.text)
    EXTI15_10_IRQHandler                     0x080001c7   Thumb Code     0  startup_stm32f103xb.o(.text)
    EXTI1_IRQHandler                         0x080001c7   Thumb Code     0  startup_stm32f103xb.o(.text)
    EXTI2_IRQHandler                         0x080001c7   Thumb Code     0  startup_stm32f103xb.o(.text)
    EXTI3_IRQHandler                         0x080001c7   Thumb Code     0  startup_stm32f103xb.o(.text)
    EXTI4_IRQHandler                         0x080001c7   Thumb Code     0  startup_stm32f103xb.o(.text)
    EXTI9_5_IRQHandler                       0x080001c7   Thumb Code     0  startup_stm32f103xb.o(.text)
    FLASH_IRQHandler                         0x080001c7   Thumb Code     0  startup_stm32f103xb.o(.text)
    PVD_IRQHandler                           0x080001c7   Thumb Code     0  startup_stm32f103xb.o(.text)
    RCC_IRQHandler                           0x080001c7   Thumb Code     0  startup_stm32f103xb.o(.text)
    RTC_Alarm_IRQHandler                     0x080001c7   Thumb Code     0  startup_stm32f103xb.o(.text)
    RTC_IRQHandler                           0x080001c7   Thumb Code     0  startup_stm32f103xb.o(.text)
    SPI1_IRQHandler                          0x080001c7   Thumb Code     0  startup_stm32f103xb.o(.text)
    SPI2_IRQHandler                          0x080001c7   Thumb Code     0  startup_stm32f103xb.o(.text)
    TAMPER_IRQHandler                        0x080001c7   Thumb Code     0  startup_stm32f103xb.o(.text)
    TIM1_BRK_IRQHandler                      0x080001c7   Thumb Code     0  startup_stm32f103xb.o(.text)
    TIM1_TRG_COM_IRQHandler                  0x080001c7   Thumb Code     0  startup_stm32f103xb.o(.text)
    TIM2_IRQHandler                          0x080001c7   Thumb Code     0  startup_stm32f103xb.o(.text)
    TIM3_IRQHandler                          0x080001c7   Thumb Code     0  startup_stm32f103xb.o(.text)
    TIM4_IRQHandler                          0x080001c7   Thumb Code     0  startup_stm32f103xb.o(.text)
    USART1_IRQHandler                        0x080001c7   Thumb Code     0  startup_stm32f103xb.o(.text)
    USART3_IRQHandler                        0x080001c7   Thumb Code     0  startup_stm32f103xb.o(.text)
    USBWakeUp_IRQHandler                     0x080001c7   Thumb Code     0  startup_stm32f103xb.o(.text)
    USB_HP_CAN1_TX_IRQHandler                0x080001c7   Thumb Code     0  startup_stm32f103xb.o(.text)
    USB_LP_CAN1_RX0_IRQHandler               0x080001c7   Thumb Code     0  startup_stm32f103xb.o(.text)
    WWDG_IRQHandler                          0x080001c7   Thumb Code     0  startup_stm32f103xb.o(.text)
    __user_initial_stackheap                 0x080001c9   Thumb Code     0  startup_stm32f103xb.o(.text)
    __aeabi_llsr                             0x080001ed   Thumb Code     0  llushr.o(.text)
    _ll_ushift_r                             0x080001ed   Thumb Code    38  llushr.o(.text)
    __2sprintf                               0x08000215   Thumb Code    34  noretval__2sprintf.o(.text)
    _printf_pre_padding                      0x0800023d   Thumb Code    44  _printf_pad.o(.text)
    _printf_post_padding                     0x08000269   Thumb Code    34  _printf_pad.o(.text)
    __printf                                 0x0800028b   Thumb Code   270  __printf_wp.o(.text)
    __0sscanf                                0x08000399   Thumb Code    52  __0sscanf.o(.text)
    __aeabi_memset                           0x080003d5   Thumb Code    16  aeabi_memset.o(.text)
    __aeabi_memclr                           0x080003e5   Thumb Code     0  rt_memclr.o(.text)
    __rt_memclr                              0x080003e5   Thumb Code    68  rt_memclr.o(.text)
    _memset                                  0x080003e9   Thumb Code     0  rt_memclr.o(.text)
    __aeabi_memclr4                          0x08000429   Thumb Code     0  rt_memclr_w.o(.text)
    __aeabi_memclr8                          0x08000429   Thumb Code     0  rt_memclr_w.o(.text)
    __rt_memclr_w                            0x08000429   Thumb Code    78  rt_memclr_w.o(.text)
    _memset_w                                0x0800042d   Thumb Code     0  rt_memclr_w.o(.text)
    __use_two_region_memory                  0x08000477   Thumb Code     2  heapauxi.o(.text)
    __rt_heap_escrow$2region                 0x08000479   Thumb Code     2  heapauxi.o(.text)
    __rt_heap_expand$2region                 0x0800047b   Thumb Code     2  heapauxi.o(.text)
    __lib_sel_fp_printf                      0x0800047d   Thumb Code     2  _printf_fp_dec.o(.text)
    _printf_fp_dec_real                      0x0800062f   Thumb Code   620  _printf_fp_dec.o(.text)
    _printf_char_common                      0x080008a7   Thumb Code    32  _printf_char_common.o(.text)
    _sputc                                   0x080008cd   Thumb Code    10  _sputc.o(.text)
    _scanf_really_real                       0x08000b25   Thumb Code   684  scanf_fp.o(.text)
    __vfscanf_char                           0x08000ddd   Thumb Code    24  scanf_char.o(.text)
    _sgetc                                   0x08000dfd   Thumb Code    30  _sgetc.o(.text)
    _sbackspace                              0x08000e1b   Thumb Code    34  _sgetc.o(.text)
    __rt_locale                              0x08000e3d   Thumb Code     8  rt_locale_intlibspace.o(.text)
    __aeabi_errno_addr                       0x08000e45   Thumb Code     8  rt_errno_addr_intlibspace.o(.text)
    __errno$intlibspace                      0x08000e45   Thumb Code     0  rt_errno_addr_intlibspace.o(.text)
    __rt_errno_addr$intlibspace              0x08000e45   Thumb Code     0  rt_errno_addr_intlibspace.o(.text)
    _ll_udiv10                               0x08000e4d   Thumb Code   138  lludiv10.o(.text)
    isspace                                  0x08000ed7   Thumb Code    18  isspace.o(.text)
    _printf_fp_infnan                        0x08000ee9   Thumb Code   112  _printf_fp_infnan.o(.text)
    __vfscanf                                0x08000f69   Thumb Code   878  _scanf.o(.text)
    _btod_etento                             0x080012dd   Thumb Code   224  bigflt0.o(.text)
    __user_libspace                          0x080013c1   Thumb Code     8  libspace.o(.text)
    __user_perproc_libspace                  0x080013c1   Thumb Code     0  libspace.o(.text)
    __user_perthread_libspace                0x080013c1   Thumb Code     0  libspace.o(.text)
    __user_setup_stackheap                   0x080013c9   Thumb Code    74  sys_stackheap_outer.o(.text)
    __rt_ctype_table                         0x08001415   Thumb Code    16  rt_ctype_table.o(.text)
    __read_errno                             0x08001425   Thumb Code    10  _rserrno.o(.text)
    __set_errno                              0x0800142f   Thumb Code    12  _rserrno.o(.text)
    _scanf_really_hex_real                   0x0800143d   Thumb Code   786  scanf_hexfp.o(.text)
    _scanf_really_infnan                     0x0800175d   Thumb Code   292  scanf_infnan.o(.text)
    exit                                     0x08001891   Thumb Code    18  exit.o(.text)
    strcmp                                   0x080018a5   Thumb Code   128  strcmpv7m.o(.text)
    __aeabi_llsl                             0x08001925   Thumb Code     0  llshl.o(.text)
    _ll_shift_l                              0x08001925   Thumb Code    38  llshl.o(.text)
    _chval                                   0x0800194b   Thumb Code    28  _chval.o(.text)
    _sys_exit                                0x08001969   Thumb Code     8  sys_exit.o(.text)
    __I$use$semihosting                      0x08001975   Thumb Code     0  use_no_semi.o(.text)
    __use_no_semihosting_swi                 0x08001975   Thumb Code     2  use_no_semi.o(.text)
    __semihosting_library_function           0x08001977   Thumb Code     0  indicate_semi.o(.text)
    _btod_d2e                                0x08001977   Thumb Code    62  btod.o(CL$$btod_d2e)
    _d2e_denorm_low                          0x080019b5   Thumb Code    70  btod.o(CL$$btod_d2e_denorm_low)
    _d2e_norm_op1                            0x080019fb   Thumb Code    96  btod.o(CL$$btod_d2e_norm_op1)
    __btod_div_common                        0x08001a5b   Thumb Code   696  btod.o(CL$$btod_div_common)
    _e2d                                     0x08001d95   Thumb Code   122  btod.o(CL$$btod_e2d)
    _e2e                                     0x08001e19   Thumb Code   220  btod.o(CL$$btod_e2e)
    _btod_ediv                               0x08001ef5   Thumb Code    42  btod.o(CL$$btod_ediv)
    _btod_edivd                              0x08001f1f   Thumb Code    42  btod.o(CL$$btod_edivd)
    _btod_emul                               0x08001f49   Thumb Code    42  btod.o(CL$$btod_emul)
    _btod_emuld                              0x08001f73   Thumb Code    42  btod.o(CL$$btod_emuld)
    __btod_mult_common                       0x08001f9d   Thumb Code   580  btod.o(CL$$btod_mult_common)
    AS5600_GetAngle                          0x080021e1   Thumb Code    42  as5600.o(i.AS5600_GetAngle)
    AS5600_ReadReg                           0x08002211   Thumb Code    40  as5600.o(i.AS5600_ReadReg)
    BusFault_Handler                         0x0800223d   Thumb Code     2  stm32f1xx_it.o(i.BusFault_Handler)
    DebugMon_Handler                         0x0800223f   Thumb Code     2  stm32f1xx_it.o(i.DebugMon_Handler)
    Error_Handler                            0x08002241   Thumb Code     4  main.o(i.Error_Handler)
    FLASH_PageErase                          0x08002269   Thumb Code    28  stm32f1xx_hal_flash_ex.o(i.FLASH_PageErase)
    FLASH_WaitForLastOperation               0x08002305   Thumb Code    80  stm32f1xx_hal_flash.o(i.FLASH_WaitForLastOperation)
    Flash_Read_Data                          0x08002359   Thumb Code    12  flash_page_f1.o(i.Flash_Read_Data)
    Flash_Write_Data                         0x08002365   Thumb Code   104  flash_page_f1.o(i.Flash_Write_Data)
    HAL_DMA_Abort                            0x08002401   Thumb Code    70  stm32f1xx_hal_dma.o(i.HAL_DMA_Abort)
    HAL_DMA_Abort_IT                         0x08002449   Thumb Code   148  stm32f1xx_hal_dma.o(i.HAL_DMA_Abort_IT)
    HAL_DMA_GetState                         0x080024e1   Thumb Code     6  stm32f1xx_hal_dma.o(i.HAL_DMA_GetState)
    HAL_Delay                                0x080024e9   Thumb Code    32  stm32f1xx_hal.o(i.HAL_Delay)
    HAL_FLASHEx_Erase                        0x0800250d   Thumb Code   160  stm32f1xx_hal_flash_ex.o(i.HAL_FLASHEx_Erase)
    HAL_FLASH_GetError                       0x080025b5   Thumb Code     6  stm32f1xx_hal_flash.o(i.HAL_FLASH_GetError)
    HAL_FLASH_Lock                           0x080025c1   Thumb Code    14  stm32f1xx_hal_flash.o(i.HAL_FLASH_Lock)
    HAL_FLASH_Program                        0x080025d5   Thumb Code   120  stm32f1xx_hal_flash.o(i.HAL_FLASH_Program)
    HAL_FLASH_Unlock                         0x08002655   Thumb Code    28  stm32f1xx_hal_flash.o(i.HAL_FLASH_Unlock)
    HAL_GPIO_Init                            0x0800267d   Thumb Code   446  stm32f1xx_hal_gpio.o(i.HAL_GPIO_Init)
    HAL_GPIO_TogglePin                       0x0800285d   Thumb Code    16  stm32f1xx_hal_gpio.o(i.HAL_GPIO_TogglePin)
    HAL_GPIO_WritePin                        0x0800286d   Thumb Code    10  stm32f1xx_hal_gpio.o(i.HAL_GPIO_WritePin)
    HAL_GetTick                              0x08002879   Thumb Code     6  stm32f1xx_hal.o(i.HAL_GetTick)
    HAL_I2C_AbortCpltCallback                0x08002885   Thumb Code     2  stm32f1xx_hal_i2c.o(i.HAL_I2C_AbortCpltCallback)
    HAL_I2C_AddrCallback                     0x08002889   Thumb Code    18  i2c_slave.o(i.HAL_I2C_AddrCallback)
    HAL_I2C_ER_IRQHandler                    0x080028a1   Thumb Code   196  stm32f1xx_hal_i2c.o(i.HAL_I2C_ER_IRQHandler)
    HAL_I2C_EV_IRQHandler                    0x08002965   Thumb Code   560  stm32f1xx_hal_i2c.o(i.HAL_I2C_EV_IRQHandler)
    HAL_I2C_EnableListen_IT                  0x08002b95   Thumb Code    58  stm32f1xx_hal_i2c.o(i.HAL_I2C_EnableListen_IT)
    HAL_I2C_ErrorCallback                    0x08002bcf   Thumb Code     4  i2c_slave.o(i.HAL_I2C_ErrorCallback)
    HAL_I2C_Init                             0x08002bd5   Thumb Code   376  stm32f1xx_hal_i2c.o(i.HAL_I2C_Init)
    HAL_I2C_IsDeviceReady                    0x08002d5d   Thumb Code   354  stm32f1xx_hal_i2c.o(i.HAL_I2C_IsDeviceReady)
    HAL_I2C_ListenCpltCallback               0x08002ec9   Thumb Code     4  i2c_slave.o(i.HAL_I2C_ListenCpltCallback)
    HAL_I2C_MasterRxCpltCallback             0x08002ecd   Thumb Code     2  stm32f1xx_hal_i2c.o(i.HAL_I2C_MasterRxCpltCallback)
    HAL_I2C_MasterTxCpltCallback             0x08002ecf   Thumb Code     2  stm32f1xx_hal_i2c.o(i.HAL_I2C_MasterTxCpltCallback)
    HAL_I2C_MemRxCpltCallback                0x08002ed1   Thumb Code     2  stm32f1xx_hal_i2c.o(i.HAL_I2C_MemRxCpltCallback)
    HAL_I2C_MemTxCpltCallback                0x08002ed3   Thumb Code     2  stm32f1xx_hal_i2c.o(i.HAL_I2C_MemTxCpltCallback)
    HAL_I2C_Mem_Read                         0x08002ed5   Thumb Code   574  stm32f1xx_hal_i2c.o(i.HAL_I2C_Mem_Read)
    HAL_I2C_MspInit                          0x08003125   Thumb Code   210  stm32f1xx_hal_msp.o(i.HAL_I2C_MspInit)
    HAL_I2C_SlaveRxCpltCallback              0x0800320d   Thumb Code    32  i2c_slave.o(i.HAL_I2C_SlaveRxCpltCallback)
    HAL_I2C_SlaveTxCpltCallback              0x08003235   Thumb Code     2  stm32f1xx_hal_i2c.o(i.HAL_I2C_SlaveTxCpltCallback)
    HAL_I2C_Slave_Seq_Receive_IT             0x08003237   Thumb Code   116  stm32f1xx_hal_i2c.o(i.HAL_I2C_Slave_Seq_Receive_IT)
    HAL_IncTick                              0x080032ad   Thumb Code    12  stm32f1xx_hal.o(i.HAL_IncTick)
    HAL_Init                                 0x080032bd   Thumb Code    32  stm32f1xx_hal.o(i.HAL_Init)
    HAL_InitTick                             0x080032e1   Thumb Code    54  stm32f1xx_hal.o(i.HAL_InitTick)
    HAL_MspInit                              0x08003321   Thumb Code    58  stm32f1xx_hal_msp.o(i.HAL_MspInit)
    HAL_NVIC_EnableIRQ                       0x08003365   Thumb Code    26  stm32f1xx_hal_cortex.o(i.HAL_NVIC_EnableIRQ)
    HAL_NVIC_SetPriority                     0x08003381   Thumb Code    60  stm32f1xx_hal_cortex.o(i.HAL_NVIC_SetPriority)
    HAL_NVIC_SetPriorityGrouping             0x080033c1   Thumb Code    26  stm32f1xx_hal_cortex.o(i.HAL_NVIC_SetPriorityGrouping)
    HAL_RCC_ClockConfig                      0x080033e5   Thumb Code   280  stm32f1xx_hal_rcc.o(i.HAL_RCC_ClockConfig)
    HAL_RCC_GetPCLK1Freq                     0x08003511   Thumb Code    20  stm32f1xx_hal_rcc.o(i.HAL_RCC_GetPCLK1Freq)
    HAL_RCC_GetPCLK2Freq                     0x08003531   Thumb Code    20  stm32f1xx_hal_rcc.o(i.HAL_RCC_GetPCLK2Freq)
    HAL_RCC_GetSysClockFreq                  0x08003551   Thumb Code    58  stm32f1xx_hal_rcc.o(i.HAL_RCC_GetSysClockFreq)
    HAL_RCC_OscConfig                        0x0800359d   Thumb Code   778  stm32f1xx_hal_rcc.o(i.HAL_RCC_OscConfig)
    HAL_SYSTICK_Config                       0x080038bd   Thumb Code    40  stm32f1xx_hal_cortex.o(i.HAL_SYSTICK_Config)
    HAL_TIMEx_BreakCallback                  0x080038e5   Thumb Code     2  stm32f1xx_hal_tim_ex.o(i.HAL_TIMEx_BreakCallback)
    HAL_TIMEx_CommutCallback                 0x080038e7   Thumb Code     2  stm32f1xx_hal_tim_ex.o(i.HAL_TIMEx_CommutCallback)
    HAL_TIMEx_ConfigBreakDeadTime            0x080038e9   Thumb Code    84  stm32f1xx_hal_tim_ex.o(i.HAL_TIMEx_ConfigBreakDeadTime)
    HAL_TIMEx_MasterConfigSynchronization    0x0800393d   Thumb Code    92  stm32f1xx_hal_tim_ex.o(i.HAL_TIMEx_MasterConfigSynchronization)
    HAL_TIM_Base_Init                        0x080039a5   Thumb Code    90  stm32f1xx_hal_tim.o(i.HAL_TIM_Base_Init)
    HAL_TIM_Base_MspInit                     0x08003a01   Thumb Code    66  stm32f1xx_hal_msp.o(i.HAL_TIM_Base_MspInit)
    HAL_TIM_Base_Start                       0x08003a4d   Thumb Code    66  stm32f1xx_hal_tim.o(i.HAL_TIM_Base_Start)
    HAL_TIM_Base_Stop                        0x08003a9d   Thumb Code    38  stm32f1xx_hal_tim.o(i.HAL_TIM_Base_Stop)
    HAL_TIM_ConfigClockSource                0x08003ac3   Thumb Code   220  stm32f1xx_hal_tim.o(i.HAL_TIM_ConfigClockSource)
    HAL_TIM_IC_CaptureCallback               0x08003b9f   Thumb Code     2  stm32f1xx_hal_tim.o(i.HAL_TIM_IC_CaptureCallback)
    HAL_TIM_IRQHandler                       0x08003ba1   Thumb Code   358  stm32f1xx_hal_tim.o(i.HAL_TIM_IRQHandler)
    HAL_TIM_MspPostInit                      0x08003d09   Thumb Code    84  stm32f1xx_hal_msp.o(i.HAL_TIM_MspPostInit)
    HAL_TIM_OC_DelayElapsedCallback          0x08003d69   Thumb Code     2  stm32f1xx_hal_tim.o(i.HAL_TIM_OC_DelayElapsedCallback)
    HAL_TIM_PWM_ConfigChannel                0x08003d6b   Thumb Code   204  stm32f1xx_hal_tim.o(i.HAL_TIM_PWM_ConfigChannel)
    HAL_TIM_PWM_Init                         0x08003e37   Thumb Code    90  stm32f1xx_hal_tim.o(i.HAL_TIM_PWM_Init)
    HAL_TIM_PWM_MspInit                      0x08003e91   Thumb Code     2  stm32f1xx_hal_tim.o(i.HAL_TIM_PWM_MspInit)
    HAL_TIM_PWM_PulseFinishedCallback        0x08003e93   Thumb Code     2  stm32f1xx_hal_tim.o(i.HAL_TIM_PWM_PulseFinishedCallback)
    HAL_TIM_PWM_Start                        0x08003e95   Thumb Code   144  stm32f1xx_hal_tim.o(i.HAL_TIM_PWM_Start)
    HAL_TIM_PWM_Stop                         0x08003f31   Thumb Code   108  stm32f1xx_hal_tim.o(i.HAL_TIM_PWM_Stop)
    HAL_TIM_PeriodElapsedCallback            0x08003fa1   Thumb Code     2  stm32f1xx_hal_tim.o(i.HAL_TIM_PeriodElapsedCallback)
    HAL_TIM_TriggerCallback                  0x08003fa3   Thumb Code     2  stm32f1xx_hal_tim.o(i.HAL_TIM_TriggerCallback)
    HAL_UARTEx_RxEventCallback               0x08003fa5   Thumb Code     2  stm32f1xx_hal_uart.o(i.HAL_UARTEx_RxEventCallback)
    HAL_UART_ErrorCallback                   0x08003fa7   Thumb Code     2  stm32f1xx_hal_uart.o(i.HAL_UART_ErrorCallback)
    HAL_UART_IRQHandler                      0x08003fa9   Thumb Code   616  stm32f1xx_hal_uart.o(i.HAL_UART_IRQHandler)
    HAL_UART_Init                            0x08004215   Thumb Code   100  stm32f1xx_hal_uart.o(i.HAL_UART_Init)
    HAL_UART_MspInit                         0x08004279   Thumb Code   114  stm32f1xx_hal_msp.o(i.HAL_UART_MspInit)
    HAL_UART_Receive_IT                      0x080042f9   Thumb Code    28  stm32f1xx_hal_uart.o(i.HAL_UART_Receive_IT)
    HAL_UART_RxCpltCallback                  0x08004315   Thumb Code   302  main.o(i.HAL_UART_RxCpltCallback)
    HAL_UART_Transmit                        0x08004465   Thumb Code   154  stm32f1xx_hal_uart.o(i.HAL_UART_Transmit)
    HAL_UART_TxCpltCallback                  0x080044ff   Thumb Code     2  stm32f1xx_hal_uart.o(i.HAL_UART_TxCpltCallback)
    HardFault_Handler                        0x08004501   Thumb Code     2  stm32f1xx_it.o(i.HardFault_Handler)
    I2C1_ER_IRQHandler                       0x08004505   Thumb Code     6  stm32f1xx_it.o(i.I2C1_ER_IRQHandler)
    I2C1_EV_IRQHandler                       0x08004511   Thumb Code     6  stm32f1xx_it.o(i.I2C1_EV_IRQHandler)
    I2C2_ER_IRQHandler                       0x0800451d   Thumb Code     6  stm32f1xx_it.o(i.I2C2_ER_IRQHandler)
    I2C2_EV_IRQHandler                       0x08004529   Thumb Code     6  stm32f1xx_it.o(i.I2C2_EV_IRQHandler)
    I2C_Scan                                 0x08004e05   Thumb Code    42  main.o(i.I2C_Scan)
    Infinite_Angle                           0x08005281   Thumb Code    64  main.o(i.Infinite_Angle)
    MemManage_Handler                        0x080054a1   Thumb Code     2  stm32f1xx_it.o(i.MemManage_Handler)
    NMI_Handler                              0x080054a3   Thumb Code     2  stm32f1xx_it.o(i.NMI_Handler)
    PID                                      0x080054a5   Thumb Code    94  pid.o(i.PID)
    PID_Compute                              0x08005509   Thumb Code   288  pid.o(i.PID_Compute)
    PID_Init                                 0x08005629   Thumb Code    64  pid.o(i.PID_Init)
    PID_SetControllerDirection               0x08005669   Thumb Code    38  pid.o(i.PID_SetControllerDirection)
    PID_SetMode                              0x0800568f   Thumb Code    28  pid.o(i.PID_SetMode)
    PID_SetOutputLimits                      0x080056ab   Thumb Code   138  pid.o(i.PID_SetOutputLimits)
    PID_SetSampleTime                        0x08005735   Thumb Code    80  pid.o(i.PID_SetSampleTime)
    PID_SetTunings2                          0x08005785   Thumb Code   180  pid.o(i.PID_SetTunings2)
    PID_Setup                                0x0800583d   Thumb Code   178  main.o(i.PID_Setup)
    PWM_Gen                                  0x080058fd   Thumb Code   184  main.o(i.PWM_Gen)
    PendSV_Handler                           0x080059c1   Thumb Code     2  stm32f1xx_it.o(i.PendSV_Handler)
    Return_Connected                         0x080059c5   Thumb Code     6  i2c_slave.o(i.Return_Connected)
    Return_Data                              0x080059d1   Thumb Code     8  i2c_slave.o(i.Return_Data)
    SVC_Handler                              0x080059dd   Thumb Code     2  stm32f1xx_it.o(i.SVC_Handler)
    SysTick_Handler                          0x080059df   Thumb Code     4  stm32f1xx_it.o(i.SysTick_Handler)
    SystemClock_Config                       0x080059e3   Thumb Code    92  main.o(i.SystemClock_Config)
    SystemInit                               0x08005a3f   Thumb Code     2  system_stm32f1xx.o(i.SystemInit)
    TIM1_CC_IRQHandler                       0x08005a41   Thumb Code     6  stm32f1xx_it.o(i.TIM1_CC_IRQHandler)
    TIM1_UP_IRQHandler                       0x08005a4d   Thumb Code     6  stm32f1xx_it.o(i.TIM1_UP_IRQHandler)
    TIM_Base_SetConfig                       0x08005a59   Thumb Code    94  stm32f1xx_hal_tim.o(i.TIM_Base_SetConfig)
    TIM_CCxChannelCmd                        0x08005ac5   Thumb Code    26  stm32f1xx_hal_tim.o(i.TIM_CCxChannelCmd)
    TIM_ETR_SetConfig                        0x08005adf   Thumb Code    20  stm32f1xx_hal_tim.o(i.TIM_ETR_SetConfig)
    TIM_OC2_SetConfig                        0x08005b55   Thumb Code    84  stm32f1xx_hal_tim.o(i.TIM_OC2_SetConfig)
    UART_Start_Receive_IT                    0x08005e69   Thumb Code    54  stm32f1xx_hal_uart.o(i.UART_Start_Receive_IT)
    USART2_IRQHandler                        0x08005f19   Thumb Code     6  stm32f1xx_it.o(i.USART2_IRQHandler)
    UsageFault_Handler                       0x08005f25   Thumb Code     2  stm32f1xx_it.o(i.UsageFault_Handler)
    __ARM_fpclassify                         0x08005f27   Thumb Code    40  fpclassify.o(i.__ARM_fpclassify)
    __mathlib_dbl_overflow                   0x08005f6f   Thumb Code    14  dunder.o(i.__mathlib_dbl_overflow)
    __mathlib_dbl_underflow                  0x08005f7d   Thumb Code    10  dunder.o(i.__mathlib_dbl_underflow)
    __mathlib_narrow                         0x08005f8d   Thumb Code    16  narrow.o(i.__mathlib_narrow)
    __mathlib_tofloat                        0x08005f9d   Thumb Code   184  narrow.o(i.__mathlib_tofloat)
    __support_ldexp                          0x08006059   Thumb Code    22  ldexp.o(i.__support_ldexp)
    _is_digit                                0x0800606f   Thumb Code    14  __printf_wp.o(i._is_digit)
    frexp                                    0x0800607d   Thumb Code    80  frexp.o(i.frexp)
    ldexp                                    0x080060d5   Thumb Code   116  ldexp.o(i.ldexp)
    main                                     0x08006149   Thumb Code   542  main.o(i.main)
    print_get                                0x0800639d   Thumb Code   150  main.o(i.print_get)
    _get_lc_numeric                          0x08006475   Thumb Code    44  lc_numeric_c.o(locale$$code)
    _get_lc_ctype                            0x080064a1   Thumb Code    44  lc_ctype_c.o(locale$$code)
    __aeabi_d2f                              0x080064cd   Thumb Code     0  d2f.o(x$fpl$d2f)
    _d2f                                     0x080064cd   Thumb Code    98  d2f.o(x$fpl$d2f)
    __aeabi_dadd                             0x08006531   Thumb Code     0  daddsub_clz.o(x$fpl$dadd)
    _dadd                                    0x08006531   Thumb Code   332  daddsub_clz.o(x$fpl$dadd)
    __fpl_dcheck_NaN1                        0x08006681   Thumb Code    10  dcheck1.o(x$fpl$dcheck1)
    __fpl_dcmp_Inf                           0x08006691   Thumb Code    24  dcmpi.o(x$fpl$dcmpinf)
    __aeabi_ddiv                             0x080066a9   Thumb Code     0  ddiv.o(x$fpl$ddiv)
    _ddiv                                    0x080066a9   Thumb Code   552  ddiv.o(x$fpl$ddiv)
    __aeabi_cdcmpeq                          0x08006959   Thumb Code     0  deqf.o(x$fpl$deqf)
    _dcmpeq                                  0x08006959   Thumb Code   120  deqf.o(x$fpl$deqf)
    __aeabi_d2uiz                            0x080069d1   Thumb Code     0  dfixu.o(x$fpl$dfixu)
    _dfixu                                   0x080069d1   Thumb Code    90  dfixu.o(x$fpl$dfixu)
    __aeabi_i2d                              0x08006a2b   Thumb Code     0  dflt_clz.o(x$fpl$dflt)
    _dflt                                    0x08006a2b   Thumb Code    46  dflt_clz.o(x$fpl$dflt)
    __aeabi_ui2d                             0x08006a59   Thumb Code     0  dflt_clz.o(x$fpl$dfltu)
    _dfltu                                   0x08006a59   Thumb Code    38  dflt_clz.o(x$fpl$dfltu)
    __aeabi_cdcmple                          0x08006a81   Thumb Code     0  dleqf.o(x$fpl$dleqf)
    _dcmple                                  0x08006a81   Thumb Code   120  dleqf.o(x$fpl$dleqf)
    __fpl_dcmple_InfNaN                      0x08006ae3   Thumb Code     0  dleqf.o(x$fpl$dleqf)
    __aeabi_dmul                             0x08006af9   Thumb Code     0  dmul.o(x$fpl$dmul)
    _dmul                                    0x08006af9   Thumb Code   332  dmul.o(x$fpl$dmul)
    __fpl_dnaninf                            0x08006c4d   Thumb Code   156  dnaninf.o(x$fpl$dnaninf)
    __fpl_dretinf                            0x08006ce9   Thumb Code    12  dretinf.o(x$fpl$dretinf)
    __aeabi_cdrcmple                         0x08006cf5   Thumb Code     0  drleqf.o(x$fpl$drleqf)
    _drcmple                                 0x08006cf5   Thumb Code   108  drleqf.o(x$fpl$drleqf)
    __aeabi_drsub                            0x08006d61   Thumb Code     0  daddsub_clz.o(x$fpl$drsb)
    _drsb                                    0x08006d61   Thumb Code    22  daddsub_clz.o(x$fpl$drsb)
    __aeabi_dsub                             0x08006d79   Thumb Code     0  daddsub_clz.o(x$fpl$dsub)
    _dsub                                    0x08006d79   Thumb Code   464  daddsub_clz.o(x$fpl$dsub)
    __aeabi_f2d                              0x08006f4d   Thumb Code     0  f2d.o(x$fpl$f2d)
    _f2d                                     0x08006f4d   Thumb Code    86  f2d.o(x$fpl$f2d)
    __aeabi_fadd                             0x08006fa5   Thumb Code     0  faddsub_clz.o(x$fpl$fadd)
    _fadd                                    0x08006fa5   Thumb Code   196  faddsub_clz.o(x$fpl$fadd)
    __fpl_fcheck_NaN1                        0x08007069   Thumb Code     6  fcheck1.o(x$fpl$fcheck1)
    __aeabi_f2iz                             0x08007075   Thumb Code     0  ffix.o(x$fpl$ffix)
    _ffix                                    0x08007075   Thumb Code    54  ffix.o(x$fpl$ffix)
    __aeabi_f2uiz                            0x080070ad   Thumb Code     0  ffixu.o(x$fpl$ffixu)
    _ffixu                                   0x080070ad   Thumb Code    62  ffixu.o(x$fpl$ffixu)
    __aeabi_ui2f                             0x080070ed   Thumb Code     0  fflt_clz.o(x$fpl$ffltu)
    _ffltu                                   0x080070ed   Thumb Code    38  fflt_clz.o(x$fpl$ffltu)
    __aeabi_fmul                             0x08007115   Thumb Code     0  fmul.o(x$fpl$fmul)
    _fmul                                    0x08007115   Thumb Code   258  fmul.o(x$fpl$fmul)
    __fpl_fnaninf                            0x08007217   Thumb Code   140  fnaninf.o(x$fpl$fnaninf)
    __fpl_fretinf                            0x080072a3   Thumb Code    10  fretinf.o(x$fpl$fretinf)
    __aeabi_fsub                             0x080072ad   Thumb Code     0  faddsub_clz.o(x$fpl$fsub)
    _fsub                                    0x080072ad   Thumb Code   234  faddsub_clz.o(x$fpl$fsub)
    __ieee_status                            0x08007397   Thumb Code     6  istatus.o(x$fpl$ieeestatus)
    _printf_fp_dec                           0x0800739d   Thumb Code     4  printf1.o(x$fpl$printf1)
    __fpl_return_NaN                         0x080073a1   Thumb Code   100  retnan.o(x$fpl$retnan)
    __ARM_scalbn                             0x08007405   Thumb Code    92  scalbn.o(x$fpl$scalbn)
    __ARM_scalbnf                            0x08007461   Thumb Code    76  scalbnf.o(x$fpl$scalbnf)
    _scanf_real                              0x080074ad   Thumb Code     4  scanf1.o(x$fpl$scanf1)
    _scanf_hex_real                          0x080074b1   Thumb Code     4  scanf2.o(x$fpl$scanf2)
    _scanf_infnan                            0x080074b5   Thumb Code     4  scanf2.o(x$fpl$scanf2)
    __fpl_cmpreturn                          0x080074b9   Thumb Code    48  trapv.o(x$fpl$trapveneer)
    __I$use$fp                               0x080074e8   Number         0  usenofp.o(x$fpl$usenofp)
    AHBPrescTable                            0x080074fa   Data          16  system_stm32f1xx.o(.constdata)
    APBPrescTable                            0x0800750a   Data           8  system_stm32f1xx.o(.constdata)
    Region$$Table$$Base                      0x080075a8   Number         0  anon$$obj.o(Region$$Table)
    Region$$Table$$Limit                     0x080075c8   Number         0  anon$$obj.o(Region$$Table)
    __aeabi_HUGE_VAL                         0x080075c8   Data           0  fpconst.o(c$$dinf)
    __aeabi_HUGE_VALL                        0x080075c8   Data           0  fpconst.o(c$$dinf)
    __aeabi_INFINITY                         0x080075c8   Data           0  fpconst.o(c$$dinf)
    __dInf                                   0x080075c8   Data           0  fpconst.o(c$$dinf)
    __huge_val                               0x080075c8   Data           0  fpconst.o(c$$dinf)
    __dbl_max                                0x080075d0   Data           0  fpconst.o(c$$dmax)
    __ctype                                  0x08007601   Data           0  lc_ctype_c.o(locale$$data)
    Self_Address                             0x20000000   Data           1  main.o(.data)
    rx_index                                 0x20000001   Data           1  main.o(.data)
    Debug_Flag                               0x20000002   Data           1  main.o(.data)
    Get_Flag                                 0x20000003   Data           1  main.o(.data)
    Out_Max                                  0x20000004   Data           1  main.o(.data)
    Out_Min                                  0x20000005   Data           1  main.o(.data)
    buffer                                   0x20000006   Data           1  main.o(.data)
    Page_Address                             0x20000008   Data           4  main.o(.data)
    prev_angle                               0x2000000c   Data           4  main.o(.data)
    angle_diff                               0x20000010   Data           4  main.o(.data)
    angle_raw                                0x20000014   Data           4  main.o(.data)
    Kp                                       0x20000018   Data           4  main.o(.data)
    Ki                                       0x2000001c   Data           4  main.o(.data)
    Kd                                       0x20000020   Data           4  main.o(.data)
    Angle_Temp                               0x20000028   Data           8  main.o(.data)
    PIDOut                                   0x20000030   Data           8  main.o(.data)
    TempSetpoint                             0x20000038   Data           8  main.o(.data)
    Data_To_Flash                            0x20000040   Data          28  main.o(.data)
    connected_check                          0x2000005c   Data           1  i2c_slave.o(.data)
    angle                                    0x2000005e   Data           2  i2c_slave.o(.data)
    Rx_Buffer                                0x20000060   Data           3  i2c_slave.o(.data)
    uwTickFreq                               0x20000064   Data           1  stm32f1xx_hal.o(.data)
    uwTickPrio                               0x20000068   Data           4  stm32f1xx_hal.o(.data)
    uwTick                                   0x2000006c   Data           4  stm32f1xx_hal.o(.data)
    SystemCoreClock                          0x20000070   Data           4  system_stm32f1xx.o(.data)
    RPID                                     0x20000078   Data         112  main.o(.bss)
    hi2c1                                    0x200000e8   Data          84  main.o(.bss)
    hi2c2                                    0x2000013c   Data          84  main.o(.bss)
    htim1                                    0x20000190   Data          72  main.o(.bss)
    huart2                                   0x200001d8   Data          72  main.o(.bss)
    Rx_Data                                  0x20000220   Data          28  main.o(.bss)
    USART_Short_Tx_Buffer                    0x2000023c   Data          14  main.o(.bss)
    USART_Rx_Buffer                          0x2000024a   Data          35  main.o(.bss)
    USART_Long_Tx_Buffer                     0x2000026d   Data          42  main.o(.bss)
    pFlash                                   0x200002a8   Data          32  stm32f1xx_hal_flash.o(.bss)
    __libspace_start                         0x200002c8   Data          96  libspace.o(.bss)
    __temporary_stack_top$libspace           0x20000328   Data           0  libspace.o(.bss)



==============================================================================

Memory Map of the image

  Image Entry point : 0x080000ed

  Load Region LR_IROM1 (Base: 0x08000000, Size: 0x00007778, Max: 0x00010000, ABSOLUTE)

    Execution Region ER_IROM1 (Exec base: 0x08000000, Load base: 0x08000000, Size: 0x00007704, Max: 0x00010000, ABSOLUTE)

    Exec Addr    Load Addr    Size         Type   Attr      Idx    E Section Name        Object

    0x08000000   0x08000000   0x000000ec   Data   RO            3    RESET               startup_stm32f103xb.o
    0x080000ec   0x080000ec   0x00000008   Code   RO         3634  * !!!main             c_w.l(__main.o)
    0x080000f4   0x080000f4   0x00000034   Code   RO         4001    !!!scatter          c_w.l(__scatter.o)
    0x08000128   0x08000128   0x0000001a   Code   RO         4003    !!handler_copy      c_w.l(__scatter_copy.o)
    0x08000142   0x08000142   0x00000002   PAD
    0x08000144   0x08000144   0x0000001c   Code   RO         4005    !!handler_zi        c_w.l(__scatter_zi.o)
    0x08000160   0x08000160   0x00000000   Code   RO         3621    .ARM.Collect$$_printf_percent$$00000000  c_w.l(_printf_percent.o)
    0x08000160   0x08000160   0x00000006   Code   RO         3620    .ARM.Collect$$_printf_percent$$00000003  c_w.l(_printf_f.o)
    0x08000166   0x08000166   0x00000004   Code   RO         3703    .ARM.Collect$$_printf_percent$$00000017  c_w.l(_printf_percent_end.o)
    0x0800016a   0x0800016a   0x00000002   Code   RO         3830    .ARM.Collect$$libinit$$00000000  c_w.l(libinit.o)
    0x0800016c   0x0800016c   0x00000000   Code   RO         3832    .ARM.Collect$$libinit$$00000002  c_w.l(libinit2.o)
    0x0800016c   0x0800016c   0x00000000   Code   RO         3834    .ARM.Collect$$libinit$$00000004  c_w.l(libinit2.o)
    0x0800016c   0x0800016c   0x00000000   Code   RO         3837    .ARM.Collect$$libinit$$0000000A  c_w.l(libinit2.o)
    0x0800016c   0x0800016c   0x00000000   Code   RO         3839    .ARM.Collect$$libinit$$0000000C  c_w.l(libinit2.o)
    0x0800016c   0x0800016c   0x00000000   Code   RO         3841    .ARM.Collect$$libinit$$0000000E  c_w.l(libinit2.o)
    0x0800016c   0x0800016c   0x00000006   Code   RO         3842    .ARM.Collect$$libinit$$0000000F  c_w.l(libinit2.o)
    0x08000172   0x08000172   0x00000000   Code   RO         3844    .ARM.Collect$$libinit$$00000011  c_w.l(libinit2.o)
    0x08000172   0x08000172   0x0000000c   Code   RO         3845    .ARM.Collect$$libinit$$00000012  c_w.l(libinit2.o)
    0x0800017e   0x0800017e   0x00000000   Code   RO         3846    .ARM.Collect$$libinit$$00000013  c_w.l(libinit2.o)
    0x0800017e   0x0800017e   0x00000000   Code   RO         3848    .ARM.Collect$$libinit$$00000015  c_w.l(libinit2.o)
    0x0800017e   0x0800017e   0x0000000a   Code   RO         3849    .ARM.Collect$$libinit$$00000016  c_w.l(libinit2.o)
    0x08000188   0x08000188   0x00000000   Code   RO         3850    .ARM.Collect$$libinit$$00000017  c_w.l(libinit2.o)
    0x08000188   0x08000188   0x00000000   Code   RO         3852    .ARM.Collect$$libinit$$00000019  c_w.l(libinit2.o)
    0x08000188   0x08000188   0x00000000   Code   RO         3854    .ARM.Collect$$libinit$$0000001B  c_w.l(libinit2.o)
    0x08000188   0x08000188   0x00000000   Code   RO         3856    .ARM.Collect$$libinit$$0000001D  c_w.l(libinit2.o)
    0x08000188   0x08000188   0x00000000   Code   RO         3858    .ARM.Collect$$libinit$$0000001F  c_w.l(libinit2.o)
    0x08000188   0x08000188   0x00000000   Code   RO         3860    .ARM.Collect$$libinit$$00000021  c_w.l(libinit2.o)
    0x08000188   0x08000188   0x00000000   Code   RO         3862    .ARM.Collect$$libinit$$00000023  c_w.l(libinit2.o)
    0x08000188   0x08000188   0x00000000   Code   RO         3864    .ARM.Collect$$libinit$$00000025  c_w.l(libinit2.o)
    0x08000188   0x08000188   0x00000000   Code   RO         3868    .ARM.Collect$$libinit$$0000002C  c_w.l(libinit2.o)
    0x08000188   0x08000188   0x00000000   Code   RO         3870    .ARM.Collect$$libinit$$0000002E  c_w.l(libinit2.o)
    0x08000188   0x08000188   0x00000000   Code   RO         3872    .ARM.Collect$$libinit$$00000030  c_w.l(libinit2.o)
    0x08000188   0x08000188   0x00000000   Code   RO         3874    .ARM.Collect$$libinit$$00000032  c_w.l(libinit2.o)
    0x08000188   0x08000188   0x00000002   Code   RO         3875    .ARM.Collect$$libinit$$00000033  c_w.l(libinit2.o)
    0x0800018a   0x0800018a   0x00000002   Code   RO         3949    .ARM.Collect$$libshutdown$$00000000  c_w.l(libshutdown.o)
    0x0800018c   0x0800018c   0x00000000   Code   RO         3960    .ARM.Collect$$libshutdown$$00000002  c_w.l(libshutdown2.o)
    0x0800018c   0x0800018c   0x00000000   Code   RO         3962    .ARM.Collect$$libshutdown$$00000004  c_w.l(libshutdown2.o)
    0x0800018c   0x0800018c   0x00000000   Code   RO         3965    .ARM.Collect$$libshutdown$$00000007  c_w.l(libshutdown2.o)
    0x0800018c   0x0800018c   0x00000000   Code   RO         3968    .ARM.Collect$$libshutdown$$0000000A  c_w.l(libshutdown2.o)
    0x0800018c   0x0800018c   0x00000000   Code   RO         3970    .ARM.Collect$$libshutdown$$0000000C  c_w.l(libshutdown2.o)
    0x0800018c   0x0800018c   0x00000000   Code   RO         3973    .ARM.Collect$$libshutdown$$0000000F  c_w.l(libshutdown2.o)
    0x0800018c   0x0800018c   0x00000002   Code   RO         3974    .ARM.Collect$$libshutdown$$00000010  c_w.l(libshutdown2.o)
    0x0800018e   0x0800018e   0x00000000   Code   RO         3696    .ARM.Collect$$rtentry$$00000000  c_w.l(__rtentry.o)
    0x0800018e   0x0800018e   0x00000000   Code   RO         3724    .ARM.Collect$$rtentry$$00000002  c_w.l(__rtentry2.o)
    0x0800018e   0x0800018e   0x00000006   Code   RO         3736    .ARM.Collect$$rtentry$$00000004  c_w.l(__rtentry4.o)
    0x08000194   0x08000194   0x00000000   Code   RO         3726    .ARM.Collect$$rtentry$$00000009  c_w.l(__rtentry2.o)
    0x08000194   0x08000194   0x00000004   Code   RO         3727    .ARM.Collect$$rtentry$$0000000A  c_w.l(__rtentry2.o)
    0x08000198   0x08000198   0x00000000   Code   RO         3729    .ARM.Collect$$rtentry$$0000000C  c_w.l(__rtentry2.o)
    0x08000198   0x08000198   0x00000008   Code   RO         3730    .ARM.Collect$$rtentry$$0000000D  c_w.l(__rtentry2.o)
    0x080001a0   0x080001a0   0x00000002   Code   RO         3882    .ARM.Collect$$rtexit$$00000000  c_w.l(rtexit.o)
    0x080001a2   0x080001a2   0x00000000   Code   RO         3910    .ARM.Collect$$rtexit$$00000002  c_w.l(rtexit2.o)
    0x080001a2   0x080001a2   0x00000004   Code   RO         3911    .ARM.Collect$$rtexit$$00000003  c_w.l(rtexit2.o)
    0x080001a6   0x080001a6   0x00000006   Code   RO         3912    .ARM.Collect$$rtexit$$00000004  c_w.l(rtexit2.o)
    0x080001ac   0x080001ac   0x00000040   Code   RO            4    .text               startup_stm32f103xb.o
    0x080001ec   0x080001ec   0x00000026   Code   RO         3590    .text               c_w.l(llushr.o)
    0x08000212   0x08000212   0x00000002   PAD
    0x08000214   0x08000214   0x00000028   Code   RO         3594    .text               c_w.l(noretval__2sprintf.o)
    0x0800023c   0x0800023c   0x0000004e   Code   RO         3598    .text               c_w.l(_printf_pad.o)
    0x0800028a   0x0800028a   0x0000010e   Code   RO         3608    .text               c_w.l(__printf_wp.o)
    0x08000398   0x08000398   0x0000003c   Code   RO         3622    .text               c_w.l(__0sscanf.o)
    0x080003d4   0x080003d4   0x00000010   Code   RO         3626    .text               c_w.l(aeabi_memset.o)
    0x080003e4   0x080003e4   0x00000044   Code   RO         3628    .text               c_w.l(rt_memclr.o)
    0x08000428   0x08000428   0x0000004e   Code   RO         3630    .text               c_w.l(rt_memclr_w.o)
    0x08000476   0x08000476   0x00000006   Code   RO         3632    .text               c_w.l(heapauxi.o)
    0x0800047c   0x0800047c   0x0000041e   Code   RO         3697    .text               c_w.l(_printf_fp_dec.o)
    0x0800089a   0x0800089a   0x00000002   PAD
    0x0800089c   0x0800089c   0x00000030   Code   RO         3699    .text               c_w.l(_printf_char_common.o)
    0x080008cc   0x080008cc   0x0000000a   Code   RO         3701    .text               c_w.l(_sputc.o)
    0x080008d6   0x080008d6   0x00000002   PAD
    0x080008d8   0x080008d8   0x000004f8   Code   RO         3704    .text               c_w.l(scanf_fp.o)
    0x08000dd0   0x08000dd0   0x0000002c   Code   RO         3706    .text               c_w.l(scanf_char.o)
    0x08000dfc   0x08000dfc   0x00000040   Code   RO         3708    .text               c_w.l(_sgetc.o)
    0x08000e3c   0x08000e3c   0x00000008   Code   RO         3741    .text               c_w.l(rt_locale_intlibspace.o)
    0x08000e44   0x08000e44   0x00000008   Code   RO         3746    .text               c_w.l(rt_errno_addr_intlibspace.o)
    0x08000e4c   0x08000e4c   0x0000008a   Code   RO         3748    .text               c_w.l(lludiv10.o)
    0x08000ed6   0x08000ed6   0x00000012   Code   RO         3750    .text               c_w.l(isspace.o)
    0x08000ee8   0x08000ee8   0x00000080   Code   RO         3752    .text               c_w.l(_printf_fp_infnan.o)
    0x08000f68   0x08000f68   0x00000374   Code   RO         3756    .text               c_w.l(_scanf.o)
    0x080012dc   0x080012dc   0x000000e4   Code   RO         3758    .text               c_w.l(bigflt0.o)
    0x080013c0   0x080013c0   0x00000008   Code   RO         3808    .text               c_w.l(libspace.o)
    0x080013c8   0x080013c8   0x0000004a   Code   RO         3811    .text               c_w.l(sys_stackheap_outer.o)
    0x08001412   0x08001412   0x00000002   PAD
    0x08001414   0x08001414   0x00000010   Code   RO         3813    .text               c_w.l(rt_ctype_table.o)
    0x08001424   0x08001424   0x00000016   Code   RO         3815    .text               c_w.l(_rserrno.o)
    0x0800143a   0x0800143a   0x00000002   PAD
    0x0800143c   0x0800143c   0x00000320   Code   RO         3817    .text               c_w.l(scanf_hexfp.o)
    0x0800175c   0x0800175c   0x00000134   Code   RO         3819    .text               c_w.l(scanf_infnan.o)
    0x08001890   0x08001890   0x00000012   Code   RO         3821    .text               c_w.l(exit.o)
    0x080018a2   0x080018a2   0x00000002   PAD
    0x080018a4   0x080018a4   0x00000080   Code   RO         3823    .text               c_w.l(strcmpv7m.o)
    0x08001924   0x08001924   0x00000026   Code   RO         3884    .text               c_w.l(llshl.o)
    0x0800194a   0x0800194a   0x0000001c   Code   RO         3886    .text               c_w.l(_chval.o)
    0x08001966   0x08001966   0x00000002   PAD
    0x08001968   0x08001968   0x0000000c   Code   RO         3939    .text               c_w.l(sys_exit.o)
    0x08001974   0x08001974   0x00000002   Code   RO         3950    .text               c_w.l(use_no_semi.o)
    0x08001976   0x08001976   0x00000000   Code   RO         3952    .text               c_w.l(indicate_semi.o)
    0x08001976   0x08001976   0x0000003e   Code   RO         3761    CL$$btod_d2e        c_w.l(btod.o)
    0x080019b4   0x080019b4   0x00000046   Code   RO         3763    CL$$btod_d2e_denorm_low  c_w.l(btod.o)
    0x080019fa   0x080019fa   0x00000060   Code   RO         3762    CL$$btod_d2e_norm_op1  c_w.l(btod.o)
    0x08001a5a   0x08001a5a   0x00000338   Code   RO         3771    CL$$btod_div_common  c_w.l(btod.o)
    0x08001d92   0x08001d92   0x00000002   PAD
    0x08001d94   0x08001d94   0x00000084   Code   RO         3769    CL$$btod_e2d        c_w.l(btod.o)
    0x08001e18   0x08001e18   0x000000dc   Code   RO         3768    CL$$btod_e2e        c_w.l(btod.o)
    0x08001ef4   0x08001ef4   0x0000002a   Code   RO         3765    CL$$btod_ediv       c_w.l(btod.o)
    0x08001f1e   0x08001f1e   0x0000002a   Code   RO         3767    CL$$btod_edivd      c_w.l(btod.o)
    0x08001f48   0x08001f48   0x0000002a   Code   RO         3764    CL$$btod_emul       c_w.l(btod.o)
    0x08001f72   0x08001f72   0x0000002a   Code   RO         3766    CL$$btod_emuld      c_w.l(btod.o)
    0x08001f9c   0x08001f9c   0x00000244   Code   RO         3770    CL$$btod_mult_common  c_w.l(btod.o)
    0x080021e0   0x080021e0   0x00000030   Code   RO          418    i.AS5600_GetAngle   as5600.o
    0x08002210   0x08002210   0x0000002c   Code   RO          421    i.AS5600_ReadReg    as5600.o
    0x0800223c   0x0800223c   0x00000002   Code   RO          234    i.BusFault_Handler  stm32f1xx_it.o
    0x0800223e   0x0800223e   0x00000002   Code   RO          235    i.DebugMon_Handler  stm32f1xx_it.o
    0x08002240   0x08002240   0x00000004   Code   RO           13    i.Error_Handler     main.o
    0x08002244   0x08002244   0x00000024   Code   RO         2060    i.FLASH_MassErase   stm32f1xx_hal_flash_ex.o
    0x08002268   0x08002268   0x00000024   Code   RO         2065    i.FLASH_PageErase   stm32f1xx_hal_flash_ex.o
    0x0800228c   0x0800228c   0x0000001c   Code   RO         1957    i.FLASH_Program_HalfWord  stm32f1xx_hal_flash.o
    0x080022a8   0x080022a8   0x0000005c   Code   RO         1958    i.FLASH_SetErrorCode  stm32f1xx_hal_flash.o
    0x08002304   0x08002304   0x00000054   Code   RO         1959    i.FLASH_WaitForLastOperation  stm32f1xx_hal_flash.o
    0x08002358   0x08002358   0x0000000c   Code   RO          486    i.Flash_Read_Data   flash_page_f1.o
    0x08002364   0x08002364   0x0000006c   Code   RO          488    i.Flash_Write_Data  flash_page_f1.o
    0x080023d0   0x080023d0   0x00000030   Code   RO          490    i.GetPage           flash_page_f1.o
    0x08002400   0x08002400   0x00000046   Code   RO         1621    i.HAL_DMA_Abort     stm32f1xx_hal_dma.o
    0x08002446   0x08002446   0x00000002   PAD
    0x08002448   0x08002448   0x00000098   Code   RO         1622    i.HAL_DMA_Abort_IT  stm32f1xx_hal_dma.o
    0x080024e0   0x080024e0   0x00000006   Code   RO         1625    i.HAL_DMA_GetState  stm32f1xx_hal_dma.o
    0x080024e6   0x080024e6   0x00000002   PAD
    0x080024e8   0x080024e8   0x00000024   Code   RO         1247    i.HAL_Delay         stm32f1xx_hal.o
    0x0800250c   0x0800250c   0x000000a8   Code   RO         2066    i.HAL_FLASHEx_Erase  stm32f1xx_hal_flash_ex.o
    0x080025b4   0x080025b4   0x0000000c   Code   RO         1961    i.HAL_FLASH_GetError  stm32f1xx_hal_flash.o
    0x080025c0   0x080025c0   0x00000014   Code   RO         1963    i.HAL_FLASH_Lock    stm32f1xx_hal_flash.o
    0x080025d4   0x080025d4   0x00000080   Code   RO         1968    i.HAL_FLASH_Program  stm32f1xx_hal_flash.o
    0x08002654   0x08002654   0x00000028   Code   RO         1970    i.HAL_FLASH_Unlock  stm32f1xx_hal_flash.o
    0x0800267c   0x0800267c   0x000001e0   Code   RO         1557    i.HAL_GPIO_Init     stm32f1xx_hal_gpio.o
    0x0800285c   0x0800285c   0x00000010   Code   RO         1560    i.HAL_GPIO_TogglePin  stm32f1xx_hal_gpio.o
    0x0800286c   0x0800286c   0x0000000a   Code   RO         1561    i.HAL_GPIO_WritePin  stm32f1xx_hal_gpio.o
    0x08002876   0x08002876   0x00000002   PAD
    0x08002878   0x08002878   0x0000000c   Code   RO         1251    i.HAL_GetTick       stm32f1xx_hal.o
    0x08002884   0x08002884   0x00000002   Code   RO          803    i.HAL_I2C_AbortCpltCallback  stm32f1xx_hal_i2c.o
    0x08002886   0x08002886   0x00000002   PAD
    0x08002888   0x08002888   0x00000018   Code   RO          551    i.HAL_I2C_AddrCallback  i2c_slave.o
    0x080028a0   0x080028a0   0x000000c4   Code   RO          807    i.HAL_I2C_ER_IRQHandler  stm32f1xx_hal_i2c.o
    0x08002964   0x08002964   0x00000230   Code   RO          808    i.HAL_I2C_EV_IRQHandler  stm32f1xx_hal_i2c.o
    0x08002b94   0x08002b94   0x0000003a   Code   RO          809    i.HAL_I2C_EnableListen_IT  stm32f1xx_hal_i2c.o
    0x08002bce   0x08002bce   0x00000004   Code   RO          552    i.HAL_I2C_ErrorCallback  i2c_slave.o
    0x08002bd2   0x08002bd2   0x00000002   PAD
    0x08002bd4   0x08002bd4   0x00000188   Code   RO          814    i.HAL_I2C_Init      stm32f1xx_hal_i2c.o
    0x08002d5c   0x08002d5c   0x0000016c   Code   RO          815    i.HAL_I2C_IsDeviceReady  stm32f1xx_hal_i2c.o
    0x08002ec8   0x08002ec8   0x00000004   Code   RO          553    i.HAL_I2C_ListenCpltCallback  i2c_slave.o
    0x08002ecc   0x08002ecc   0x00000002   Code   RO          817    i.HAL_I2C_MasterRxCpltCallback  stm32f1xx_hal_i2c.o
    0x08002ece   0x08002ece   0x00000002   Code   RO          818    i.HAL_I2C_MasterTxCpltCallback  stm32f1xx_hal_i2c.o
    0x08002ed0   0x08002ed0   0x00000002   Code   RO          830    i.HAL_I2C_MemRxCpltCallback  stm32f1xx_hal_i2c.o
    0x08002ed2   0x08002ed2   0x00000002   Code   RO          831    i.HAL_I2C_MemTxCpltCallback  stm32f1xx_hal_i2c.o
    0x08002ed4   0x08002ed4   0x00000250   Code   RO          832    i.HAL_I2C_Mem_Read  stm32f1xx_hal_i2c.o
    0x08003124   0x08003124   0x000000e8   Code   RO          353    i.HAL_I2C_MspInit   stm32f1xx_hal_msp.o
    0x0800320c   0x0800320c   0x00000028   Code   RO          554    i.HAL_I2C_SlaveRxCpltCallback  i2c_slave.o
    0x08003234   0x08003234   0x00000002   Code   RO          841    i.HAL_I2C_SlaveTxCpltCallback  stm32f1xx_hal_i2c.o
    0x08003236   0x08003236   0x00000074   Code   RO          846    i.HAL_I2C_Slave_Seq_Receive_IT  stm32f1xx_hal_i2c.o
    0x080032aa   0x080032aa   0x00000002   PAD
    0x080032ac   0x080032ac   0x00000010   Code   RO         1257    i.HAL_IncTick       stm32f1xx_hal.o
    0x080032bc   0x080032bc   0x00000024   Code   RO         1258    i.HAL_Init          stm32f1xx_hal.o
    0x080032e0   0x080032e0   0x00000040   Code   RO         1259    i.HAL_InitTick      stm32f1xx_hal.o
    0x08003320   0x08003320   0x00000044   Code   RO          354    i.HAL_MspInit       stm32f1xx_hal_msp.o
    0x08003364   0x08003364   0x0000001a   Code   RO         1717    i.HAL_NVIC_EnableIRQ  stm32f1xx_hal_cortex.o
    0x0800337e   0x0800337e   0x00000002   PAD
    0x08003380   0x08003380   0x00000040   Code   RO         1723    i.HAL_NVIC_SetPriority  stm32f1xx_hal_cortex.o
    0x080033c0   0x080033c0   0x00000024   Code   RO         1724    i.HAL_NVIC_SetPriorityGrouping  stm32f1xx_hal_cortex.o
    0x080033e4   0x080033e4   0x0000012c   Code   RO         1415    i.HAL_RCC_ClockConfig  stm32f1xx_hal_rcc.o
    0x08003510   0x08003510   0x00000020   Code   RO         1422    i.HAL_RCC_GetPCLK1Freq  stm32f1xx_hal_rcc.o
    0x08003530   0x08003530   0x00000020   Code   RO         1423    i.HAL_RCC_GetPCLK2Freq  stm32f1xx_hal_rcc.o
    0x08003550   0x08003550   0x0000004c   Code   RO         1424    i.HAL_RCC_GetSysClockFreq  stm32f1xx_hal_rcc.o
    0x0800359c   0x0800359c   0x00000320   Code   RO         1427    i.HAL_RCC_OscConfig  stm32f1xx_hal_rcc.o
    0x080038bc   0x080038bc   0x00000028   Code   RO         1728    i.HAL_SYSTICK_Config  stm32f1xx_hal_cortex.o
    0x080038e4   0x080038e4   0x00000002   Code   RO         2923    i.HAL_TIMEx_BreakCallback  stm32f1xx_hal_tim_ex.o
    0x080038e6   0x080038e6   0x00000002   Code   RO         2924    i.HAL_TIMEx_CommutCallback  stm32f1xx_hal_tim_ex.o
    0x080038e8   0x080038e8   0x00000054   Code   RO         2926    i.HAL_TIMEx_ConfigBreakDeadTime  stm32f1xx_hal_tim_ex.o
    0x0800393c   0x0800393c   0x00000068   Code   RO         2942    i.HAL_TIMEx_MasterConfigSynchronization  stm32f1xx_hal_tim_ex.o
    0x080039a4   0x080039a4   0x0000005a   Code   RO         2219    i.HAL_TIM_Base_Init  stm32f1xx_hal_tim.o
    0x080039fe   0x080039fe   0x00000002   PAD
    0x08003a00   0x08003a00   0x0000004c   Code   RO          356    i.HAL_TIM_Base_MspInit  stm32f1xx_hal_msp.o
    0x08003a4c   0x08003a4c   0x00000050   Code   RO         2222    i.HAL_TIM_Base_Start  stm32f1xx_hal_tim.o
    0x08003a9c   0x08003a9c   0x00000026   Code   RO         2225    i.HAL_TIM_Base_Stop  stm32f1xx_hal_tim.o
    0x08003ac2   0x08003ac2   0x000000dc   Code   RO         2228    i.HAL_TIM_ConfigClockSource  stm32f1xx_hal_tim.o
    0x08003b9e   0x08003b9e   0x00000002   Code   RO         2253    i.HAL_TIM_IC_CaptureCallback  stm32f1xx_hal_tim.o
    0x08003ba0   0x08003ba0   0x00000166   Code   RO         2267    i.HAL_TIM_IRQHandler  stm32f1xx_hal_tim.o
    0x08003d06   0x08003d06   0x00000002   PAD
    0x08003d08   0x08003d08   0x00000060   Code   RO          357    i.HAL_TIM_MspPostInit  stm32f1xx_hal_msp.o
    0x08003d68   0x08003d68   0x00000002   Code   RO         2270    i.HAL_TIM_OC_DelayElapsedCallback  stm32f1xx_hal_tim.o
    0x08003d6a   0x08003d6a   0x000000cc   Code   RO         2291    i.HAL_TIM_PWM_ConfigChannel  stm32f1xx_hal_tim.o
    0x08003e36   0x08003e36   0x0000005a   Code   RO         2294    i.HAL_TIM_PWM_Init  stm32f1xx_hal_tim.o
    0x08003e90   0x08003e90   0x00000002   Code   RO         2296    i.HAL_TIM_PWM_MspInit  stm32f1xx_hal_tim.o
    0x08003e92   0x08003e92   0x00000002   Code   RO         2297    i.HAL_TIM_PWM_PulseFinishedCallback  stm32f1xx_hal_tim.o
    0x08003e94   0x08003e94   0x0000009c   Code   RO         2299    i.HAL_TIM_PWM_Start  stm32f1xx_hal_tim.o
    0x08003f30   0x08003f30   0x00000070   Code   RO         2302    i.HAL_TIM_PWM_Stop  stm32f1xx_hal_tim.o
    0x08003fa0   0x08003fa0   0x00000002   Code   RO         2305    i.HAL_TIM_PeriodElapsedCallback  stm32f1xx_hal_tim.o
    0x08003fa2   0x08003fa2   0x00000002   Code   RO         2310    i.HAL_TIM_TriggerCallback  stm32f1xx_hal_tim.o
    0x08003fa4   0x08003fa4   0x00000002   Code   RO         3202    i.HAL_UARTEx_RxEventCallback  stm32f1xx_hal_uart.o
    0x08003fa6   0x08003fa6   0x00000002   Code   RO         3216    i.HAL_UART_ErrorCallback  stm32f1xx_hal_uart.o
    0x08003fa8   0x08003fa8   0x0000026c   Code   RO         3219    i.HAL_UART_IRQHandler  stm32f1xx_hal_uart.o
    0x08004214   0x08004214   0x00000064   Code   RO         3220    i.HAL_UART_Init     stm32f1xx_hal_uart.o
    0x08004278   0x08004278   0x00000080   Code   RO          359    i.HAL_UART_MspInit  stm32f1xx_hal_msp.o
    0x080042f8   0x080042f8   0x0000001c   Code   RO         3225    i.HAL_UART_Receive_IT  stm32f1xx_hal_uart.o
    0x08004314   0x08004314   0x00000150   Code   RO           14    i.HAL_UART_RxCpltCallback  main.o
    0x08004464   0x08004464   0x0000009a   Code   RO         3228    i.HAL_UART_Transmit  stm32f1xx_hal_uart.o
    0x080044fe   0x080044fe   0x00000002   Code   RO         3231    i.HAL_UART_TxCpltCallback  stm32f1xx_hal_uart.o
    0x08004500   0x08004500   0x00000002   Code   RO          236    i.HardFault_Handler  stm32f1xx_it.o
    0x08004502   0x08004502   0x00000002   PAD
    0x08004504   0x08004504   0x0000000c   Code   RO          237    i.I2C1_ER_IRQHandler  stm32f1xx_it.o
    0x08004510   0x08004510   0x0000000c   Code   RO          238    i.I2C1_EV_IRQHandler  stm32f1xx_it.o
    0x0800451c   0x0800451c   0x0000000c   Code   RO          239    i.I2C2_ER_IRQHandler  stm32f1xx_it.o
    0x08004528   0x08004528   0x0000000c   Code   RO          240    i.I2C2_EV_IRQHandler  stm32f1xx_it.o
    0x08004534   0x08004534   0x000000bc   Code   RO          852    i.I2C_DMAAbort      stm32f1xx_hal_i2c.o
    0x080045f0   0x080045f0   0x00000010   Code   RO          855    i.I2C_Flush_DR      stm32f1xx_hal_i2c.o
    0x08004600   0x08004600   0x00000158   Code   RO          856    i.I2C_ITError       stm32f1xx_hal_i2c.o
    0x08004758   0x08004758   0x0000002e   Code   RO          857    i.I2C_IsAcknowledgeFailed  stm32f1xx_hal_i2c.o
    0x08004786   0x08004786   0x000000d2   Code   RO          858    i.I2C_MasterReceive_BTF  stm32f1xx_hal_i2c.o
    0x08004858   0x08004858   0x000000e8   Code   RO          859    i.I2C_MasterReceive_RXNE  stm32f1xx_hal_i2c.o
    0x08004940   0x08004940   0x00000082   Code   RO          862    i.I2C_MasterTransmit_BTF  stm32f1xx_hal_i2c.o
    0x080049c2   0x080049c2   0x00000002   PAD
    0x080049c4   0x080049c4   0x000000b6   Code   RO          863    i.I2C_MasterTransmit_TXE  stm32f1xx_hal_i2c.o
    0x08004a7a   0x08004a7a   0x00000002   PAD
    0x08004a7c   0x08004a7c   0x00000158   Code   RO          864    i.I2C_Master_ADDR   stm32f1xx_hal_i2c.o
    0x08004bd4   0x08004bd4   0x0000008c   Code   RO          865    i.I2C_Master_SB     stm32f1xx_hal_i2c.o
    0x08004c60   0x08004c60   0x000000a8   Code   RO          866    i.I2C_MemoryTransmit_TXE_BTF  stm32f1xx_hal_i2c.o
    0x08004d08   0x08004d08   0x000000fc   Code   RO          867    i.I2C_RequestMemoryRead  stm32f1xx_hal_i2c.o
    0x08004e04   0x08004e04   0x00000034   Code   RO           15    i.I2C_Scan          main.o
    0x08004e38   0x08004e38   0x00000046   Code   RO          869    i.I2C_Slave_ADDR    stm32f1xx_hal_i2c.o
    0x08004e7e   0x08004e7e   0x00000002   PAD
    0x08004e80   0x08004e80   0x00000090   Code   RO          870    i.I2C_Slave_AF      stm32f1xx_hal_i2c.o
    0x08004f10   0x08004f10   0x0000015c   Code   RO          871    i.I2C_Slave_STOPF   stm32f1xx_hal_i2c.o
    0x0800506c   0x0800506c   0x00000090   Code   RO          873    i.I2C_WaitOnFlagUntilTimeout  stm32f1xx_hal_i2c.o
    0x080050fc   0x080050fc   0x000000bc   Code   RO          874    i.I2C_WaitOnMasterAddressFlagUntilTimeout  stm32f1xx_hal_i2c.o
    0x080051b8   0x080051b8   0x00000070   Code   RO          875    i.I2C_WaitOnRXNEFlagUntilTimeout  stm32f1xx_hal_i2c.o
    0x08005228   0x08005228   0x00000056   Code   RO          876    i.I2C_WaitOnTXEFlagUntilTimeout  stm32f1xx_hal_i2c.o
    0x0800527e   0x0800527e   0x00000002   PAD
    0x08005280   0x08005280   0x00000050   Code   RO           16    i.Infinite_Angle    main.o
    0x080052d0   0x080052d0   0x000000b4   Code   RO           17    i.MX_GPIO_Init      main.o
    0x08005384   0x08005384   0x00000044   Code   RO           18    i.MX_I2C1_Init      main.o
    0x080053c8   0x080053c8   0x000000d8   Code   RO           19    i.MX_TIM1_Init      main.o
    0x080054a0   0x080054a0   0x00000002   Code   RO          241    i.MemManage_Handler  stm32f1xx_it.o
    0x080054a2   0x080054a2   0x00000002   Code   RO          242    i.NMI_Handler       stm32f1xx_it.o
    0x080054a4   0x080054a4   0x00000064   Code   RO          618    i.PID               pid.o
    0x08005508   0x08005508   0x00000120   Code   RO          620    i.PID_Compute       pid.o
    0x08005628   0x08005628   0x00000040   Code   RO          626    i.PID_Init          pid.o
    0x08005668   0x08005668   0x00000026   Code   RO          627    i.PID_SetControllerDirection  pid.o
    0x0800568e   0x0800568e   0x0000001c   Code   RO          628    i.PID_SetMode       pid.o
    0x080056aa   0x080056aa   0x0000008a   Code   RO          629    i.PID_SetOutputLimits  pid.o
    0x08005734   0x08005734   0x00000050   Code   RO          630    i.PID_SetSampleTime  pid.o
    0x08005784   0x08005784   0x000000b8   Code   RO          632    i.PID_SetTunings2   pid.o
    0x0800583c   0x0800583c   0x000000c0   Code   RO           20    i.PID_Setup         main.o
    0x080058fc   0x080058fc   0x000000c4   Code   RO           21    i.PWM_Gen           main.o
    0x080059c0   0x080059c0   0x00000002   Code   RO          243    i.PendSV_Handler    stm32f1xx_it.o
    0x080059c2   0x080059c2   0x00000002   PAD
    0x080059c4   0x080059c4   0x0000000c   Code   RO          556    i.Return_Connected  i2c_slave.o
    0x080059d0   0x080059d0   0x0000000c   Code   RO          557    i.Return_Data       i2c_slave.o
    0x080059dc   0x080059dc   0x00000002   Code   RO          244    i.SVC_Handler       stm32f1xx_it.o
    0x080059de   0x080059de   0x00000004   Code   RO          245    i.SysTick_Handler   stm32f1xx_it.o
    0x080059e2   0x080059e2   0x0000005c   Code   RO           22    i.SystemClock_Config  main.o
    0x08005a3e   0x08005a3e   0x00000002   Code   RO         3554    i.SystemInit        system_stm32f1xx.o
    0x08005a40   0x08005a40   0x0000000c   Code   RO          246    i.TIM1_CC_IRQHandler  stm32f1xx_it.o
    0x08005a4c   0x08005a4c   0x0000000c   Code   RO          247    i.TIM1_UP_IRQHandler  stm32f1xx_it.o
    0x08005a58   0x08005a58   0x0000006c   Code   RO         2312    i.TIM_Base_SetConfig  stm32f1xx_hal_tim.o
    0x08005ac4   0x08005ac4   0x0000001a   Code   RO         2313    i.TIM_CCxChannelCmd  stm32f1xx_hal_tim.o
    0x08005ade   0x08005ade   0x00000014   Code   RO         2323    i.TIM_ETR_SetConfig  stm32f1xx_hal_tim.o
    0x08005af2   0x08005af2   0x00000010   Code   RO         2324    i.TIM_ITRx_SetConfig  stm32f1xx_hal_tim.o
    0x08005b02   0x08005b02   0x00000002   PAD
    0x08005b04   0x08005b04   0x00000050   Code   RO         2325    i.TIM_OC1_SetConfig  stm32f1xx_hal_tim.o
    0x08005b54   0x08005b54   0x00000058   Code   RO         2326    i.TIM_OC2_SetConfig  stm32f1xx_hal_tim.o
    0x08005bac   0x08005bac   0x00000058   Code   RO         2327    i.TIM_OC3_SetConfig  stm32f1xx_hal_tim.o
    0x08005c04   0x08005c04   0x00000044   Code   RO         2328    i.TIM_OC4_SetConfig  stm32f1xx_hal_tim.o
    0x08005c48   0x08005c48   0x00000022   Code   RO         2330    i.TIM_TI1_ConfigInputStage  stm32f1xx_hal_tim.o
    0x08005c6a   0x08005c6a   0x00000024   Code   RO         2332    i.TIM_TI2_ConfigInputStage  stm32f1xx_hal_tim.o
    0x08005c8e   0x08005c8e   0x00000010   Code   RO         3233    i.UART_DMAAbortOnError  stm32f1xx_hal_uart.o
    0x08005c9e   0x08005c9e   0x0000004e   Code   RO         3243    i.UART_EndRxTransfer  stm32f1xx_hal_uart.o
    0x08005cec   0x08005cec   0x000000c2   Code   RO         3245    i.UART_Receive_IT   stm32f1xx_hal_uart.o
    0x08005dae   0x08005dae   0x00000002   PAD
    0x08005db0   0x08005db0   0x000000b8   Code   RO         3246    i.UART_SetConfig    stm32f1xx_hal_uart.o
    0x08005e68   0x08005e68   0x00000036   Code   RO         3248    i.UART_Start_Receive_IT  stm32f1xx_hal_uart.o
    0x08005e9e   0x08005e9e   0x00000078   Code   RO         3249    i.UART_WaitOnFlagUntilTimeout  stm32f1xx_hal_uart.o
    0x08005f16   0x08005f16   0x00000002   PAD
    0x08005f18   0x08005f18   0x0000000c   Code   RO          248    i.USART2_IRQHandler  stm32f1xx_it.o
    0x08005f24   0x08005f24   0x00000002   Code   RO          249    i.UsageFault_Handler  stm32f1xx_it.o
    0x08005f26   0x08005f26   0x00000028   Code   RO         3800    i.__ARM_fpclassify  m_ws.l(fpclassify.o)
    0x08005f4e   0x08005f4e   0x00000020   Code   RO         1730    i.__NVIC_SetPriority  stm32f1xx_hal_cortex.o
    0x08005f6e   0x08005f6e   0x0000000e   Code   RO         3926    i.__mathlib_dbl_overflow  m_ws.l(dunder.o)
    0x08005f7c   0x08005f7c   0x00000010   Code   RO         3928    i.__mathlib_dbl_underflow  m_ws.l(dunder.o)
    0x08005f8c   0x08005f8c   0x00000010   Code   RO         3802    i.__mathlib_narrow  m_ws.l(narrow.o)
    0x08005f9c   0x08005f9c   0x000000bc   Code   RO         3803    i.__mathlib_tofloat  m_ws.l(narrow.o)
    0x08006058   0x08006058   0x00000016   Code   RO         3898    i.__support_ldexp   m_ws.l(ldexp.o)
    0x0800606e   0x0800606e   0x0000000e   Code   RO         3610    i._is_digit         c_w.l(__printf_wp.o)
    0x0800607c   0x0800607c   0x00000058   Code   RO         3879    i.frexp             m_ws.l(frexp.o)
    0x080060d4   0x080060d4   0x00000074   Code   RO         3899    i.ldexp             m_ws.l(ldexp.o)
    0x08006148   0x08006148   0x00000254   Code   RO           23    i.main              main.o
    0x0800639c   0x0800639c   0x000000d8   Code   RO           24    i.print_get         main.o
    0x08006474   0x08006474   0x0000002c   Code   RO         3784    locale$$code        c_w.l(lc_numeric_c.o)
    0x080064a0   0x080064a0   0x0000002c   Code   RO         3889    locale$$code        c_w.l(lc_ctype_c.o)
    0x080064cc   0x080064cc   0x00000062   Code   RO         3636    x$fpl$d2f           fz_ws.l(d2f.o)
    0x0800652e   0x0800652e   0x00000002   PAD
    0x08006530   0x08006530   0x00000150   Code   RO         3638    x$fpl$dadd          fz_ws.l(daddsub_clz.o)
    0x08006680   0x08006680   0x00000010   Code   RO         3920    x$fpl$dcheck1       fz_ws.l(dcheck1.o)
    0x08006690   0x08006690   0x00000018   Code   RO         3710    x$fpl$dcmpinf       fz_ws.l(dcmpi.o)
    0x080066a8   0x080066a8   0x000002b0   Code   RO         3645    x$fpl$ddiv          fz_ws.l(ddiv.o)
    0x08006958   0x08006958   0x00000078   Code   RO         3648    x$fpl$deqf          fz_ws.l(deqf.o)
    0x080069d0   0x080069d0   0x0000005a   Code   RO         3650    x$fpl$dfixu         fz_ws.l(dfixu.o)
    0x08006a2a   0x08006a2a   0x0000002e   Code   RO         3655    x$fpl$dflt          fz_ws.l(dflt_clz.o)
    0x08006a58   0x08006a58   0x00000026   Code   RO         3654    x$fpl$dfltu         fz_ws.l(dflt_clz.o)
    0x08006a7e   0x08006a7e   0x00000002   PAD
    0x08006a80   0x08006a80   0x00000078   Code   RO         3660    x$fpl$dleqf         fz_ws.l(dleqf.o)
    0x08006af8   0x08006af8   0x00000154   Code   RO         3662    x$fpl$dmul          fz_ws.l(dmul.o)
    0x08006c4c   0x08006c4c   0x0000009c   Code   RO         3712    x$fpl$dnaninf       fz_ws.l(dnaninf.o)
    0x08006ce8   0x08006ce8   0x0000000c   Code   RO         3714    x$fpl$dretinf       fz_ws.l(dretinf.o)
    0x08006cf4   0x08006cf4   0x0000006c   Code   RO         3664    x$fpl$drleqf        fz_ws.l(drleqf.o)
    0x08006d60   0x08006d60   0x00000016   Code   RO         3639    x$fpl$drsb          fz_ws.l(daddsub_clz.o)
    0x08006d76   0x08006d76   0x00000002   PAD
    0x08006d78   0x08006d78   0x000001d4   Code   RO         3640    x$fpl$dsub          fz_ws.l(daddsub_clz.o)
    0x08006f4c   0x08006f4c   0x00000056   Code   RO         3666    x$fpl$f2d           fz_ws.l(f2d.o)
    0x08006fa2   0x08006fa2   0x00000002   PAD
    0x08006fa4   0x08006fa4   0x000000c4   Code   RO         3668    x$fpl$fadd          fz_ws.l(faddsub_clz.o)
    0x08007068   0x08007068   0x0000000c   Code   RO         3716    x$fpl$fcheck1       fz_ws.l(fcheck1.o)
    0x08007074   0x08007074   0x00000036   Code   RO         3674    x$fpl$ffix          fz_ws.l(ffix.o)
    0x080070aa   0x080070aa   0x00000002   PAD
    0x080070ac   0x080070ac   0x0000003e   Code   RO         3678    x$fpl$ffixu         fz_ws.l(ffixu.o)
    0x080070ea   0x080070ea   0x00000002   PAD
    0x080070ec   0x080070ec   0x00000026   Code   RO         3682    x$fpl$ffltu         fz_ws.l(fflt_clz.o)
    0x08007112   0x08007112   0x00000002   PAD
    0x08007114   0x08007114   0x00000102   Code   RO         3688    x$fpl$fmul          fz_ws.l(fmul.o)
    0x08007216   0x08007216   0x0000008c   Code   RO         3718    x$fpl$fnaninf       fz_ws.l(fnaninf.o)
    0x080072a2   0x080072a2   0x0000000a   Code   RO         3720    x$fpl$fretinf       fz_ws.l(fretinf.o)
    0x080072ac   0x080072ac   0x000000ea   Code   RO         3670    x$fpl$fsub          fz_ws.l(faddsub_clz.o)
    0x08007396   0x08007396   0x00000006   Code   RO         3790    x$fpl$ieeestatus    fz_ws.l(istatus.o)
    0x0800739c   0x0800739c   0x00000004   Code   RO         3690    x$fpl$printf1       fz_ws.l(printf1.o)
    0x080073a0   0x080073a0   0x00000064   Code   RO         3792    x$fpl$retnan        fz_ws.l(retnan.o)
    0x08007404   0x08007404   0x0000005c   Code   RO         3895    x$fpl$scalbn        fz_ws.l(scalbn.o)
    0x08007460   0x08007460   0x0000004c   Code   RO         3692    x$fpl$scalbnf       fz_ws.l(scalbnf.o)
    0x080074ac   0x080074ac   0x00000004   Code   RO         3694    x$fpl$scanf1        fz_ws.l(scanf1.o)
    0x080074b0   0x080074b0   0x00000008   Code   RO         3794    x$fpl$scanf2        fz_ws.l(scanf2.o)
    0x080074b8   0x080074b8   0x00000030   Code   RO         3876    x$fpl$trapveneer    fz_ws.l(trapv.o)
    0x080074e8   0x080074e8   0x00000000   Code   RO         3722    x$fpl$usenofp       fz_ws.l(usenofp.o)
    0x080074e8   0x080074e8   0x00000012   Data   RO         1428    .constdata          stm32f1xx_hal_rcc.o
    0x080074fa   0x080074fa   0x00000010   Data   RO         3555    .constdata          system_stm32f1xx.o
    0x0800750a   0x0800750a   0x00000008   Data   RO         3556    .constdata          system_stm32f1xx.o
    0x08007512   0x08007512   0x00000002   PAD
    0x08007514   0x08007514   0x00000094   Data   RO         3759    .constdata          c_w.l(bigflt0.o)
    0x080075a8   0x080075a8   0x00000020   Data   RO         3999    Region$$Table       anon$$obj.o
    0x080075c8   0x080075c8   0x00000008   Data   RO         3786    c$$dinf             fz_ws.l(fpconst.o)
    0x080075d0   0x080075d0   0x00000008   Data   RO         3789    c$$dmax             fz_ws.l(fpconst.o)
    0x080075d8   0x080075d8   0x0000001c   Data   RO         3783    locale$$data        c_w.l(lc_numeric_c.o)
    0x080075f4   0x080075f4   0x00000110   Data   RO         3888    locale$$data        c_w.l(lc_ctype_c.o)


    Execution Region RW_IRAM1 (Exec base: 0x20000000, Load base: 0x08007704, Size: 0x00000928, Max: 0x00005000, ABSOLUTE)

    Exec Addr    Load Addr    Size         Type   Attr      Idx    E Section Name        Object

    0x20000000   0x08007704   0x0000005c   Data   RW           26    .data               main.o
    0x2000005c   0x08007760   0x00000007   Data   RW          558    .data               i2c_slave.o
    0x20000063   0x08007767   0x00000001   PAD
    0x20000064   0x08007768   0x0000000c   Data   RW         1265    .data               stm32f1xx_hal.o
    0x20000070   0x08007774   0x00000004   Data   RW         3557    .data               system_stm32f1xx.o
    0x20000074   0x08007778   0x00000004   PAD
    0x20000078        -       0x0000021f   Zero   RW           25    .bss                main.o
    0x20000297   0x08007778   0x00000001   PAD
    0x20000298        -       0x00000010   Zero   RW          492    .bss                flash_page_f1.o
    0x200002a8        -       0x00000020   Zero   RW         1971    .bss                stm32f1xx_hal_flash.o
    0x200002c8        -       0x00000060   Zero   RW         3809    .bss                c_w.l(libspace.o)
    0x20000328        -       0x00000200   Zero   RW            2    HEAP                startup_stm32f103xb.o
    0x20000528        -       0x00000400   Zero   RW            1    STACK               startup_stm32f103xb.o


==============================================================================

Image component sizes


      Code (inc. data)   RO Data    RW Data    ZI Data      Debug   Object Name

        92         10          0          0          0       1509   as5600.o
       168         10          0          0         16       2945   flash_page_f1.o
        96         24          0          7          0       3853   i2c_slave.o
      2228        242          0         92        543     452186   main.o
       920         10          0          0          0       5690   pid.o
        64         26        236          0       1536        840   startup_stm32f103xb.o
       164         28          0         12          0       6133   stm32f1xx_hal.o
       198         14          0          0          0      29115   stm32f1xx_hal_cortex.o
       228          4          0          0          0       2442   stm32f1xx_hal_dma.o
       404         52          0          0         32       5519   stm32f1xx_hal_flash.o
       240         26          0          0          0       3365   stm32f1xx_hal_flash_ex.o
       506         34          0          0          0       3617   stm32f1xx_hal_gpio.o
      5634         88          0          0          0      31203   stm32f1xx_hal_i2c.o
       600         68          0          0          0       3872   stm32f1xx_hal_msp.o
      1240         84         18          0          0       5284   stm32f1xx_hal_rcc.o
      1924         64          0          0          0      18562   stm32f1xx_hal_tim.o
       192         12          0          0          0       3333   stm32f1xx_hal_tim_ex.o
      1554         10          0          0          0      11296   stm32f1xx_hal_uart.o
       104         42          0          0          0       7384   stm32f1xx_it.o
         2          0         24          4          0       1203   system_stm32f1xx.o

    ----------------------------------------------------------------------
     16594        848        312        116       2132     599351   Object Totals
         0          0         32          0          0          0   (incl. Generated)
        36          0          2          1          5          0   (incl. Padding)

    ----------------------------------------------------------------------

      Code (inc. data)   RO Data    RW Data    ZI Data      Debug   Library Member Name

        60          8          0          0          0         84   __0sscanf.o
         8          0          0          0          0         68   __main.o
       284          0          0          0          0        156   __printf_wp.o
         0          0          0          0          0          0   __rtentry.o
        12          0          0          0          0          0   __rtentry2.o
         6          0          0          0          0          0   __rtentry4.o
        52          8          0          0          0          0   __scatter.o
        26          0          0          0          0          0   __scatter_copy.o
        28          0          0          0          0          0   __scatter_zi.o
        28          0          0          0          0         68   _chval.o
        48          6          0          0          0         96   _printf_char_common.o
         6          0          0          0          0          0   _printf_f.o
      1054          0          0          0          0        216   _printf_fp_dec.o
       128         16          0          0          0         84   _printf_fp_infnan.o
        78          0          0          0          0        108   _printf_pad.o
         0          0          0          0          0          0   _printf_percent.o
         4          0          0          0          0          0   _printf_percent_end.o
        22          0          0          0          0        100   _rserrno.o
       884          6          0          0          0        100   _scanf.o
        64          0          0          0          0         84   _sgetc.o
        10          0          0          0          0         68   _sputc.o
        16          0          0          0          0         68   aeabi_memset.o
       228          4        148          0          0         96   bigflt0.o
      2152        136          0          0          0        960   btod.o
        18          0          0          0          0         80   exit.o
         6          0          0          0          0        152   heapauxi.o
         0          0          0          0          0          0   indicate_semi.o
        18          0          0          0          0         76   isspace.o
        44         10        272          0          0         76   lc_ctype_c.o
        44         10         28          0          0         76   lc_numeric_c.o
         2          0          0          0          0          0   libinit.o
        30          0          0          0          0          0   libinit2.o
         2          0          0          0          0          0   libshutdown.o
         2          0          0          0          0          0   libshutdown2.o
         8          4          0          0         96         68   libspace.o
        38          0          0          0          0         68   llshl.o
       138          0          0          0          0         80   lludiv10.o
        38          0          0          0          0         68   llushr.o
        40          6          0          0          0         84   noretval__2sprintf.o
        16          4          0          0          0         76   rt_ctype_table.o
         8          4          0          0          0         68   rt_errno_addr_intlibspace.o
         8          4          0          0          0         68   rt_locale_intlibspace.o
        68          0          0          0          0         68   rt_memclr.o
        78          0          0          0          0         80   rt_memclr_w.o
         2          0          0          0          0          0   rtexit.o
        10          0          0          0          0          0   rtexit2.o
        44          8          0          0          0         84   scanf_char.o
      1272         16          0          0          0        168   scanf_fp.o
       800         14          0          0          0        100   scanf_hexfp.o
       308         16          0          0          0        100   scanf_infnan.o
       128          0          0          0          0         68   strcmpv7m.o
        12          4          0          0          0         68   sys_exit.o
        74          0          0          0          0         80   sys_stackheap_outer.o
         2          0          0          0          0         68   use_no_semi.o
        98          4          0          0          0         92   d2f.o
       826         16          0          0          0        348   daddsub_clz.o
        16          4          0          0          0         68   dcheck1.o
        24          0          0          0          0         68   dcmpi.o
       688        140          0          0          0        208   ddiv.o
       120          4          0          0          0         92   deqf.o
        90          4          0          0          0         92   dfixu.o
        84          0          0          0          0        136   dflt_clz.o
       120          4          0          0          0         92   dleqf.o
       340         12          0          0          0        104   dmul.o
       156          4          0          0          0         92   dnaninf.o
        12          0          0          0          0         68   dretinf.o
       108          0          0          0          0         80   drleqf.o
        86          4          0          0          0         84   f2d.o
       430          8          0          0          0        168   faddsub_clz.o
        12          4          0          0          0         68   fcheck1.o
        54          4          0          0          0         84   ffix.o
        62          4          0          0          0         84   ffixu.o
        38          0          0          0          0         68   fflt_clz.o
       258          4          0          0          0         84   fmul.o
       140          4          0          0          0         84   fnaninf.o
         0          0         16          0          0          0   fpconst.o
        10          0          0          0          0         68   fretinf.o
         6          0          0          0          0         68   istatus.o
         4          0          0          0          0         68   printf1.o
       100          0          0          0          0         68   retnan.o
        92          0          0          0          0         68   scalbn.o
        76          0          0          0          0         68   scalbnf.o
         4          0          0          0          0         68   scanf1.o
         8          0          0          0          0         84   scanf2.o
        48          0          0          0          0         68   trapv.o
         0          0          0          0          0          0   usenofp.o
        30          6          0          0          0        136   dunder.o
        40          0          0          0          0         68   fpclassify.o
        88          8          0          0          0         76   frexp.o
       138          0          0          0          0        160   ldexp.o
       204          4          0          0          0        168   narrow.o

    ----------------------------------------------------------------------
     13098        528        464          0         96       7780   Library Totals
        32          2          0          0          0          0   (incl. Padding)

    ----------------------------------------------------------------------

      Code (inc. data)   RO Data    RW Data    ZI Data      Debug   Library Name

      8456        284        448          0         96       4280   c_w.l
      4110        224         16          0          0       2892   fz_ws.l
       500         18          0          0          0        608   m_ws.l

    ----------------------------------------------------------------------
     13098        528        464          0         96       7780   Library Totals

    ----------------------------------------------------------------------

==============================================================================


      Code (inc. data)   RO Data    RW Data    ZI Data      Debug   

     29692       1376        776        116       2228     594595   Grand Totals
     29692       1376        776        116       2228     594595   ELF Image Totals
     29692       1376        776        116          0          0   ROM Totals

==============================================================================

    Total RO  Size (Code + RO Data)                30468 (  29.75kB)
    Total RW  Size (RW Data + ZI Data)              2344 (   2.29kB)
    Total ROM Size (Code + RO Data + RW Data)      30584 (  29.87kB)

==============================================================================

